[2026-09-16T18:47:06.426+0000] {local_task_job_runner.py:120} INFO - ::group::Pre task execution logs
[2026-09-16T18:47:06.458+0000] {taskinstance.py:2076} INFO - Dependencies all met for dep_context=non-requeueable deps ti=<TaskInstance: json_dag.trigger_stoke_dag manual__2026-09-16T18:43:51.693368+00:00 [queued]>
[2026-09-16T18:47:06.470+0000] {taskinstance.py:2076} INFO - Dependencies all met for dep_context=requeueable deps ti=<TaskInstance: json_dag.trigger_stoke_dag manual__2026-09-16T18:43:51.693368+00:00 [queued]>
[2026-09-16T18:47:06.473+0000] {taskinstance.py:2306} INFO - Starting attempt 1 of 1
[2026-09-16T18:47:06.487+0000] {taskinstance.py:2330} INFO - Executing <Task(TriggerDagRunOperator): trigger_stoke_dag> on 2026-09-16 18:43:51.693368+00:00
[2026-09-16T18:47:06.492+0000] {standard_task_runner.py:63} INFO - Started process 244 to run task
[2026-09-16T18:47:06.495+0000] {standard_task_runner.py:90} INFO - Running: ['airflow', 'tasks', 'run', 'json_dag', 'trigger_stoke_dag', 'manual__2026-09-16T18:43:51.693368+00:00', '--job-id', '18', '--raw', '--subdir', 'DAGS_FOLDER/json_dag.py', '--cfg-path', '/tmp/tmpjfh9xghl']
[2026-09-16T18:47:06.497+0000] {standard_task_runner.py:91} INFO - Job 18: Subtask trigger_stoke_dag
[2026-09-16T18:47:06.545+0000] {task_command.py:426} INFO - Running <TaskInstance: json_dag.trigger_stoke_dag manual__2026-09-16T18:43:51.693368+00:00 [running]> on host 5c1b3b777c76
[2026-09-16T18:47:06.624+0000] {taskinstance.py:2648} INFO - Exporting env vars: AIRFLOW_CTX_DAG_OWNER='airflow' AIRFLOW_CTX_DAG_ID='json_dag' AIRFLOW_CTX_TASK_ID='trigger_stoke_dag' AIRFLOW_CTX_EXECUTION_DATE='2026-09-16T18:43:51.693368+00:00' AIRFLOW_CTX_TRY_NUMBER='1' AIRFLOW_CTX_DAG_RUN_ID='manual__2026-09-16T18:43:51.693368+00:00'
[2026-09-16T18:47:06.626+0000] {taskinstance.py:430} INFO - ::endgroup::
[2026-09-16T18:47:06.703+0000] {trigger_dagrun.py:222} INFO - Waiting for save_data on 2026-09-16 18:47:06.627103+00:00 to become allowed state ['success'] ...
[2026-09-16T18:48:06.771+0000] {trigger_dagrun.py:222} INFO - Waiting for save_data on 2026-09-16 18:47:06.627103+00:00 to become allowed state ['success'] ...
[2026-09-16T18:49:06.819+0000] {trigger_dagrun.py:222} INFO - Waiting for save_data on 2026-09-16 18:47:06.627103+00:00 to become allowed state ['success'] ...
[2026-09-16T18:50:06.839+0000] {trigger_dagrun.py:222} INFO - Waiting for save_data on 2026-09-16 18:47:06.627103+00:00 to become allowed state ['success'] ...
[2026-09-16T18:51:06.846+0000] {trigger_dagrun.py:222} INFO - Waiting for save_data on 2026-09-16 18:47:06.627103+00:00 to become allowed state ['success'] ...
[2026-09-16T18:52:06.858+0000] {trigger_dagrun.py:235} INFO - save_data finished with allowed state success
[2026-09-16T18:52:06.861+0000] {taskinstance.py:441} INFO - ::group::Post task execution logs
[2026-09-16T18:52:06.876+0000] {taskinstance.py:1206} INFO - Marking task as SUCCESS. dag_id=json_dag, task_id=trigger_stoke_dag, run_id=manual__2026-09-16T18:43:51.693368+00:00, execution_date=20260916T184351, start_date=20260916T184706, end_date=20260916T185206
[2026-09-16T18:52:06.944+0000] {local_task_job_runner.py:240} INFO - Task exited with return code 0
[2026-09-16T18:52:06.976+0000] {taskinstance.py:3503} INFO - 0 downstream tasks scheduled from follow-on schedule check
[2026-09-16T18:52:06.979+0000] {local_task_job_runner.py:222} INFO - ::endgroup::
