[2026-09-16T15:41:54.502+0000] {local_task_job_runner.py:120} INFO - ::group::Pre task execution logs
[2026-09-16T15:41:54.523+0000] {taskinstance.py:2076} INFO - Dependencies all met for dep_context=non-requeueable deps ti=<TaskInstance: json_dag.trigger_stoke_dag scheduled__2026-09-16T14:02:00+00:00 [queued]>
[2026-09-16T15:41:54.535+0000] {taskinstance.py:2076} INFO - Dependencies all met for dep_context=requeueable deps ti=<TaskInstance: json_dag.trigger_stoke_dag scheduled__2026-09-16T14:02:00+00:00 [queued]>
[2026-09-16T15:41:54.536+0000] {taskinstance.py:2306} INFO - Starting attempt 1 of 1
[2026-09-16T15:41:54.552+0000] {taskinstance.py:2330} INFO - Executing <Task(TriggerDagRunOperator): trigger_stoke_dag> on 2026-09-16 14:02:00+00:00
[2026-09-16T15:41:54.561+0000] {standard_task_runner.py:63} INFO - Started process 240 to run task
[2026-09-16T15:41:54.567+0000] {standard_task_runner.py:90} INFO - Running: ['airflow', 'tasks', 'run', 'json_dag', 'trigger_stoke_dag', 'scheduled__2026-09-16T14:02:00+00:00', '--job-id', '24', '--raw', '--subdir', 'DAGS_FOLDER/json_dag.py', '--cfg-path', '/tmp/tmpft2spgwl']
[2026-09-16T15:41:54.570+0000] {standard_task_runner.py:91} INFO - Job 24: Subtask trigger_stoke_dag
[2026-09-16T15:41:54.646+0000] {task_command.py:426} INFO - Running <TaskInstance: json_dag.trigger_stoke_dag scheduled__2026-09-16T14:02:00+00:00 [running]> on host bde7cb56f656
[2026-09-16T15:41:54.741+0000] {taskinstance.py:2648} INFO - Exporting env vars: AIRFLOW_CTX_DAG_OWNER='airflow' AIRFLOW_CTX_DAG_ID='json_dag' AIRFLOW_CTX_TASK_ID='trigger_stoke_dag' AIRFLOW_CTX_EXECUTION_DATE='2026-09-16T14:02:00+00:00' AIRFLOW_CTX_TRY_NUMBER='1' AIRFLOW_CTX_DAG_RUN_ID='scheduled__2026-09-16T14:02:00+00:00'
[2026-09-16T15:41:54.744+0000] {taskinstance.py:430} INFO - ::endgroup::
[2026-09-16T15:41:54.854+0000] {trigger_dagrun.py:222} INFO - Waiting for save_data on 2026-09-16 15:41:54.745939+00:00 to become allowed state ['success'] ...
[2026-09-16T15:42:54.873+0000] {taskinstance.py:441} INFO - ::group::Post task execution logs
[2026-09-16T15:42:54.882+0000] {taskinstance.py:2905} ERROR - Task failed with exception
Traceback (most recent call last):
  File "/home/airflow/.local/lib/python3.10/site-packages/airflow/models/taskinstance.py", line 465, in _execute_task
    result = _execute_callable(context=context, **execute_callable_kwargs)
  File "/home/airflow/.local/lib/python3.10/site-packages/airflow/models/taskinstance.py", line 432, in _execute_callable
    return execute_callable(context=context, **execute_callable_kwargs)
  File "/home/airflow/.local/lib/python3.10/site-packages/airflow/models/baseoperator.py", line 401, in wrapper
    return func(self, *args, **kwargs)
  File "/home/airflow/.local/lib/python3.10/site-packages/airflow/operators/trigger_dagrun.py", line 233, in execute
    raise AirflowException(f"{self.trigger_dag_id} failed with failed states {state}")
airflow.exceptions.AirflowException: save_data failed with failed states failed
[2026-09-16T15:42:54.885+0000] {taskinstance.py:1206} INFO - Marking task as FAILED. dag_id=json_dag, task_id=trigger_stoke_dag, run_id=scheduled__2026-09-16T14:02:00+00:00, execution_date=20260916T140200, start_date=20260916T154154, end_date=20260916T154254
[2026-09-16T15:42:54.897+0000] {standard_task_runner.py:110} ERROR - Failed to execute job 24 for task trigger_stoke_dag (save_data failed with failed states failed; 240)
[2026-09-16T15:42:54.925+0000] {local_task_job_runner.py:240} INFO - Task exited with return code 1
[2026-09-16T15:42:54.941+0000] {taskinstance.py:3503} INFO - 0 downstream tasks scheduled from follow-on schedule check
[2026-09-16T15:42:54.943+0000] {local_task_job_runner.py:222} INFO - ::endgroup::
