[2026-09-16T16:05:12.528+0000] {local_task_job_runner.py:120} INFO - ::group::Pre task execution logs
[2026-09-16T16:05:12.545+0000] {taskinstance.py:2076} INFO - Dependencies all met for dep_context=non-requeueable deps ti=<TaskInstance: json_dag.trigger_stoke_dag scheduled__2026-09-16T15:02:00+00:00 [queued]>
[2026-09-16T16:05:12.551+0000] {taskinstance.py:2076} INFO - Dependencies all met for dep_context=requeueable deps ti=<TaskInstance: json_dag.trigger_stoke_dag scheduled__2026-09-16T15:02:00+00:00 [queued]>
[2026-09-16T16:05:12.552+0000] {taskinstance.py:2306} INFO - Starting attempt 1 of 1
[2026-09-16T16:05:12.565+0000] {taskinstance.py:2330} INFO - Executing <Task(TriggerDagRunOperator): trigger_stoke_dag> on 2026-09-16 15:02:00+00:00
[2026-09-16T16:05:12.570+0000] {standard_task_runner.py:63} INFO - Started process 585 to run task
[2026-09-16T16:05:12.574+0000] {standard_task_runner.py:90} INFO - Running: ['airflow', 'tasks', 'run', 'json_dag', 'trigger_stoke_dag', 'scheduled__2026-09-16T15:02:00+00:00', '--job-id', '40', '--raw', '--subdir', 'DAGS_FOLDER/json_dag.py', '--cfg-path', '/tmp/tmp6sv3u_6u']
[2026-09-16T16:05:12.576+0000] {standard_task_runner.py:91} INFO - Job 40: Subtask trigger_stoke_dag
[2026-09-16T16:05:12.625+0000] {task_command.py:426} INFO - Running <TaskInstance: json_dag.trigger_stoke_dag scheduled__2026-09-16T15:02:00+00:00 [running]> on host bde7cb56f656
[2026-09-16T16:05:12.700+0000] {taskinstance.py:2648} INFO - Exporting env vars: AIRFLOW_CTX_DAG_OWNER='airflow' AIRFLOW_CTX_DAG_ID='json_dag' AIRFLOW_CTX_TASK_ID='trigger_stoke_dag' AIRFLOW_CTX_EXECUTION_DATE='2026-09-16T15:02:00+00:00' AIRFLOW_CTX_TRY_NUMBER='1' AIRFLOW_CTX_DAG_RUN_ID='scheduled__2026-09-16T15:02:00+00:00'
[2026-09-16T16:05:12.703+0000] {taskinstance.py:430} INFO - ::endgroup::
[2026-09-16T16:05:12.787+0000] {trigger_dagrun.py:222} INFO - Waiting for save_data on 2026-09-16 16:05:12.703710+00:00 to become allowed state ['success'] ...
[2026-09-16T16:06:12.843+0000] {taskinstance.py:441} INFO - ::group::Post task execution logs
[2026-09-16T16:06:12.853+0000] {taskinstance.py:2905} ERROR - Task failed with exception
Traceback (most recent call last):
  File "/home/airflow/.local/lib/python3.10/site-packages/airflow/models/taskinstance.py", line 465, in _execute_task
    result = _execute_callable(context=context, **execute_callable_kwargs)
  File "/home/airflow/.local/lib/python3.10/site-packages/airflow/models/taskinstance.py", line 432, in _execute_callable
    return execute_callable(context=context, **execute_callable_kwargs)
  File "/home/airflow/.local/lib/python3.10/site-packages/airflow/models/baseoperator.py", line 401, in wrapper
    return func(self, *args, **kwargs)
  File "/home/airflow/.local/lib/python3.10/site-packages/airflow/operators/trigger_dagrun.py", line 233, in execute
    raise AirflowException(f"{self.trigger_dag_id} failed with failed states {state}")
airflow.exceptions.AirflowException: save_data failed with failed states failed
[2026-09-16T16:06:12.857+0000] {taskinstance.py:1206} INFO - Marking task as FAILED. dag_id=json_dag, task_id=trigger_stoke_dag, run_id=scheduled__2026-09-16T15:02:00+00:00, execution_date=20260916T150200, start_date=20260916T160512, end_date=20260916T160612
[2026-09-16T16:06:12.867+0000] {standard_task_runner.py:110} ERROR - Failed to execute job 40 for task trigger_stoke_dag (save_data failed with failed states failed; 585)
[2026-09-16T16:06:12.901+0000] {local_task_job_runner.py:240} INFO - Task exited with return code 1
[2026-09-16T16:06:12.912+0000] {taskinstance.py:3503} INFO - 0 downstream tasks scheduled from follow-on schedule check
[2026-09-16T16:06:12.915+0000] {local_task_job_runner.py:222} INFO - ::endgroup::
