[2026-09-16T15:43:17.808+0000] {local_task_job_runner.py:120} INFO - ::group::Pre task execution logs
[2026-09-16T15:43:17.846+0000] {taskinstance.py:2076} INFO - Dependencies all met for dep_context=non-requeueable deps ti=<TaskInstance: json_dag.extract manual__2026-09-16T15:43:15.681841+00:00 [queued]>
[2026-09-16T15:43:17.858+0000] {taskinstance.py:2076} INFO - Dependencies all met for dep_context=requeueable deps ti=<TaskInstance: json_dag.extract manual__2026-09-16T15:43:15.681841+00:00 [queued]>
[2026-09-16T15:43:17.859+0000] {taskinstance.py:2306} INFO - Starting attempt 1 of 1
[2026-09-16T15:43:17.881+0000] {taskinstance.py:2330} INFO - Executing <Task(_PythonDecoratedOperator): extract> on 2026-09-16 15:43:15.681841+00:00
[2026-09-16T15:43:17.893+0000] {standard_task_runner.py:63} INFO - Started process 266 to run task
[2026-09-16T15:43:17.898+0000] {standard_task_runner.py:90} INFO - Running: ['airflow', 'tasks', 'run', 'json_dag', 'extract', 'manual__2026-09-16T15:43:15.681841+00:00', '--job-id', '26', '--raw', '--subdir', 'DAGS_FOLDER/json_dag.py', '--cfg-path', '/tmp/tmpzfm5c0cw']
[2026-09-16T15:43:17.902+0000] {standard_task_runner.py:91} INFO - Job 26: Subtask extract
[2026-09-16T15:43:17.976+0000] {task_command.py:426} INFO - Running <TaskInstance: json_dag.extract manual__2026-09-16T15:43:15.681841+00:00 [running]> on host bde7cb56f656
[2026-09-16T15:43:18.110+0000] {taskinstance.py:2648} INFO - Exporting env vars: AIRFLOW_CTX_DAG_OWNER='airflow' AIRFLOW_CTX_DAG_ID='json_dag' AIRFLOW_CTX_TASK_ID='extract' AIRFLOW_CTX_EXECUTION_DATE='2026-09-16T15:43:15.681841+00:00' AIRFLOW_CTX_TRY_NUMBER='1' AIRFLOW_CTX_DAG_RUN_ID='manual__2026-09-16T15:43:15.681841+00:00'
[2026-09-16T15:43:18.114+0000] {taskinstance.py:430} INFO - ::endgroup::
[2026-09-16T15:43:21.150+0000] {logging_mixin.py:188} INFO - Start loading informations
[2026-09-16T15:45:11.268+0000] {logging_mixin.py:188} WARNING - Traceback (most recent call last):
[2026-09-16T15:45:11.270+0000] {logging_mixin.py:188} WARNING -   File "/home/airflow/.local/lib/python3.10/site-packages/urllib3/connection.py", line 198, in _new_conn
    sock = connection.create_connection(
[2026-09-16T15:45:11.271+0000] {logging_mixin.py:188} WARNING -   File "/home/airflow/.local/lib/python3.10/site-packages/urllib3/util/connection.py", line 60, in create_connection
    for res in socket.getaddrinfo(host, port, family, socket.SOCK_STREAM):
[2026-09-16T15:45:11.271+0000] {logging_mixin.py:188} WARNING -   File "/usr/local/lib/python3.10/socket.py", line 955, in getaddrinfo
    for res in _socket.getaddrinfo(host, port, family, type, proto, flags):
[2026-09-16T15:45:11.272+0000] {logging_mixin.py:188} WARNING - socket.gaierror: [Errno -5] No address associated with hostname
[2026-09-16T15:45:11.272+0000] {logging_mixin.py:188} WARNING - 
The above exception was the direct cause of the following exception:
[2026-09-16T15:45:11.273+0000] {logging_mixin.py:188} WARNING - Traceback (most recent call last):
[2026-09-16T15:45:11.273+0000] {logging_mixin.py:188} WARNING -   File "/home/airflow/.local/lib/python3.10/site-packages/urllib3/connectionpool.py", line 793, in urlopen
    response = self._make_request(
[2026-09-16T15:45:11.274+0000] {logging_mixin.py:188} WARNING -   File "/home/airflow/.local/lib/python3.10/site-packages/urllib3/connectionpool.py", line 491, in _make_request
    raise new_e
[2026-09-16T15:45:11.274+0000] {logging_mixin.py:188} WARNING -   File "/home/airflow/.local/lib/python3.10/site-packages/urllib3/connectionpool.py", line 467, in _make_request
    self._validate_conn(conn)
[2026-09-16T15:45:11.274+0000] {logging_mixin.py:188} WARNING -   File "/home/airflow/.local/lib/python3.10/site-packages/urllib3/connectionpool.py", line 1099, in _validate_conn
    conn.connect()
[2026-09-16T15:45:11.275+0000] {logging_mixin.py:188} WARNING -   File "/home/airflow/.local/lib/python3.10/site-packages/urllib3/connection.py", line 616, in connect
    self.sock = sock = self._new_conn()
[2026-09-16T15:45:11.275+0000] {logging_mixin.py:188} WARNING -   File "/home/airflow/.local/lib/python3.10/site-packages/urllib3/connection.py", line 205, in _new_conn
    raise NameResolutionError(self.host, self, e) from e
[2026-09-16T15:45:11.276+0000] {logging_mixin.py:188} WARNING - urllib3.exceptions.NameResolutionError: <urllib3.connection.HTTPSConnection object at 0x7bc5c06d6c50>: Failed to resolve 'www.googleapis.com' ([Errno -5] No address associated with hostname)
[2026-09-16T15:45:11.276+0000] {logging_mixin.py:188} WARNING - 
The above exception was the direct cause of the following exception:
[2026-09-16T15:45:11.277+0000] {logging_mixin.py:188} WARNING - Traceback (most recent call last):
[2026-09-16T15:45:11.278+0000] {logging_mixin.py:188} WARNING -   File "/home/airflow/.local/lib/python3.10/site-packages/requests/adapters.py", line 486, in send
    resp = conn.urlopen(
[2026-09-16T15:45:11.278+0000] {logging_mixin.py:188} WARNING -   File "/home/airflow/.local/lib/python3.10/site-packages/urllib3/connectionpool.py", line 847, in urlopen
    retries = retries.increment(
[2026-09-16T15:45:11.279+0000] {logging_mixin.py:188} WARNING -   File "/home/airflow/.local/lib/python3.10/site-packages/urllib3/util/retry.py", line 515, in increment
    raise MaxRetryError(_pool, url, reason) from reason  # type: ignore[arg-type]
[2026-09-16T15:45:11.280+0000] {logging_mixin.py:188} WARNING - urllib3.exceptions.MaxRetryError: HTTPSConnectionPool(host='www.googleapis.com', port=443): Max retries exceeded with url: /youtube/v3/videos?part=snippet%2Cstatistics%2CcontentDetails&id=figrl0aOULs&key=AIzaSyCu0SeP4QtsaF8H6qeF4NcFYaRehf3ot8w (Caused by NameResolutionError("<urllib3.connection.HTTPSConnection object at 0x7bc5c06d6c50>: Failed to resolve 'www.googleapis.com' ([Errno -5] No address associated with hostname)"))
[2026-09-16T15:45:11.280+0000] {logging_mixin.py:188} WARNING - 
During handling of the above exception, another exception occurred:
[2026-09-16T15:45:11.281+0000] {logging_mixin.py:188} WARNING - Traceback (most recent call last):
[2026-09-16T15:45:11.282+0000] {logging_mixin.py:188} WARNING -   File "/opt/airflow/src/app.py", line 72, in get_all_videos
    video = clt.get_video_info(id, self.config.videoInfoUrl,
[2026-09-16T15:45:11.282+0000] {logging_mixin.py:188} WARNING -   File "/opt/airflow/src/controller/info.py", line 12, in get_video_info
    response: req.Response = req.get(url, params=params)
[2026-09-16T15:45:11.282+0000] {logging_mixin.py:188} WARNING -   File "/home/airflow/.local/lib/python3.10/site-packages/requests/api.py", line 73, in get
    return request("get", url, params=params, **kwargs)
[2026-09-16T15:45:11.283+0000] {logging_mixin.py:188} WARNING -   File "/home/airflow/.local/lib/python3.10/site-packages/requests/api.py", line 59, in request
    return session.request(method=method, url=url, **kwargs)
[2026-09-16T15:45:11.283+0000] {logging_mixin.py:188} WARNING -   File "/home/airflow/.local/lib/python3.10/site-packages/requests/sessions.py", line 589, in request
    resp = self.send(prep, **send_kwargs)
[2026-09-16T15:45:11.283+0000] {logging_mixin.py:188} WARNING -   File "/home/airflow/.local/lib/python3.10/site-packages/requests/sessions.py", line 703, in send
    r = adapter.send(request, **kwargs)
[2026-09-16T15:45:11.284+0000] {logging_mixin.py:188} WARNING -   File "/home/airflow/.local/lib/python3.10/site-packages/requests/adapters.py", line 519, in send
    raise ConnectionError(e, request=request)
[2026-09-16T15:45:11.284+0000] {logging_mixin.py:188} WARNING - requests.exceptions.ConnectionError: HTTPSConnectionPool(host='www.googleapis.com', port=443): Max retries exceeded with url: /youtube/v3/videos?part=snippet%2Cstatistics%2CcontentDetails&id=figrl0aOULs&key=AIzaSyCu0SeP4QtsaF8H6qeF4NcFYaRehf3ot8w (Caused by NameResolutionError("<urllib3.connection.HTTPSConnection object at 0x7bc5c06d6c50>: Failed to resolve 'www.googleapis.com' ([Errno -5] No address associated with hostname)"))
[2026-09-16T15:45:11.301+0000] {logging_mixin.py:188} WARNING - Traceback (most recent call last):
[2026-09-16T15:45:11.302+0000] {logging_mixin.py:188} WARNING -   File "/home/airflow/.local/lib/python3.10/site-packages/urllib3/connection.py", line 198, in _new_conn
    sock = connection.create_connection(
[2026-09-16T15:45:11.302+0000] {logging_mixin.py:188} WARNING -   File "/home/airflow/.local/lib/python3.10/site-packages/urllib3/util/connection.py", line 60, in create_connection
    for res in socket.getaddrinfo(host, port, family, socket.SOCK_STREAM):
[2026-09-16T15:45:11.303+0000] {logging_mixin.py:188} WARNING -   File "/usr/local/lib/python3.10/socket.py", line 955, in getaddrinfo
    for res in _socket.getaddrinfo(host, port, family, type, proto, flags):
[2026-09-16T15:45:11.303+0000] {logging_mixin.py:188} WARNING - socket.gaierror: [Errno -2] Name or service not known
[2026-09-16T15:45:11.304+0000] {logging_mixin.py:188} WARNING - 
The above exception was the direct cause of the following exception:
[2026-09-16T15:45:11.304+0000] {logging_mixin.py:188} WARNING - Traceback (most recent call last):
[2026-09-16T15:45:11.305+0000] {logging_mixin.py:188} WARNING -   File "/home/airflow/.local/lib/python3.10/site-packages/urllib3/connectionpool.py", line 793, in urlopen
    response = self._make_request(
[2026-09-16T15:45:11.305+0000] {logging_mixin.py:188} WARNING -   File "/home/airflow/.local/lib/python3.10/site-packages/urllib3/connectionpool.py", line 491, in _make_request
    raise new_e
[2026-09-16T15:45:11.306+0000] {logging_mixin.py:188} WARNING -   File "/home/airflow/.local/lib/python3.10/site-packages/urllib3/connectionpool.py", line 467, in _make_request
    self._validate_conn(conn)
[2026-09-16T15:45:11.306+0000] {logging_mixin.py:188} WARNING -   File "/home/airflow/.local/lib/python3.10/site-packages/urllib3/connectionpool.py", line 1099, in _validate_conn
    conn.connect()
[2026-09-16T15:45:11.307+0000] {logging_mixin.py:188} WARNING -   File "/home/airflow/.local/lib/python3.10/site-packages/urllib3/connection.py", line 616, in connect
    self.sock = sock = self._new_conn()
[2026-09-16T15:45:11.307+0000] {logging_mixin.py:188} WARNING -   File "/home/airflow/.local/lib/python3.10/site-packages/urllib3/connection.py", line 205, in _new_conn
    raise NameResolutionError(self.host, self, e) from e
[2026-09-16T15:45:11.308+0000] {logging_mixin.py:188} WARNING - urllib3.exceptions.NameResolutionError: <urllib3.connection.HTTPSConnection object at 0x7bc5c06d6770>: Failed to resolve 'www.googleapis.com' ([Errno -2] Name or service not known)
[2026-09-16T15:45:11.308+0000] {logging_mixin.py:188} WARNING - 
The above exception was the direct cause of the following exception:
[2026-09-16T15:45:11.308+0000] {logging_mixin.py:188} WARNING - Traceback (most recent call last):
[2026-09-16T15:45:11.309+0000] {logging_mixin.py:188} WARNING -   File "/home/airflow/.local/lib/python3.10/site-packages/requests/adapters.py", line 486, in send
    resp = conn.urlopen(
[2026-09-16T15:45:11.309+0000] {logging_mixin.py:188} WARNING -   File "/home/airflow/.local/lib/python3.10/site-packages/urllib3/connectionpool.py", line 847, in urlopen
    retries = retries.increment(
[2026-09-16T15:45:11.310+0000] {logging_mixin.py:188} WARNING -   File "/home/airflow/.local/lib/python3.10/site-packages/urllib3/util/retry.py", line 515, in increment
    raise MaxRetryError(_pool, url, reason) from reason  # type: ignore[arg-type]
[2026-09-16T15:45:11.310+0000] {logging_mixin.py:188} WARNING - urllib3.exceptions.MaxRetryError: HTTPSConnectionPool(host='www.googleapis.com', port=443): Max retries exceeded with url: /youtube/v3/videos?part=snippet%2Cstatistics%2CcontentDetails&id=Uxc84UUrVHk&key=AIzaSyCu0SeP4QtsaF8H6qeF4NcFYaRehf3ot8w (Caused by NameResolutionError("<urllib3.connection.HTTPSConnection object at 0x7bc5c06d6770>: Failed to resolve 'www.googleapis.com' ([Errno -2] Name or service not known)"))
[2026-09-16T15:45:11.311+0000] {logging_mixin.py:188} WARNING - 
During handling of the above exception, another exception occurred:
[2026-09-16T15:45:11.311+0000] {logging_mixin.py:188} WARNING - Traceback (most recent call last):
[2026-09-16T15:45:11.312+0000] {logging_mixin.py:188} WARNING -   File "/opt/airflow/src/app.py", line 72, in get_all_videos
    video = clt.get_video_info(id, self.config.videoInfoUrl,
[2026-09-16T15:45:11.312+0000] {logging_mixin.py:188} WARNING -   File "/opt/airflow/src/controller/info.py", line 12, in get_video_info
    response: req.Response = req.get(url, params=params)
[2026-09-16T15:45:11.313+0000] {logging_mixin.py:188} WARNING -   File "/home/airflow/.local/lib/python3.10/site-packages/requests/api.py", line 73, in get
    return request("get", url, params=params, **kwargs)
[2026-09-16T15:45:11.313+0000] {logging_mixin.py:188} WARNING -   File "/home/airflow/.local/lib/python3.10/site-packages/requests/api.py", line 59, in request
    return session.request(method=method, url=url, **kwargs)
[2026-09-16T15:45:11.314+0000] {logging_mixin.py:188} WARNING -   File "/home/airflow/.local/lib/python3.10/site-packages/requests/sessions.py", line 589, in request
    resp = self.send(prep, **send_kwargs)
[2026-09-16T15:45:11.315+0000] {logging_mixin.py:188} WARNING -   File "/home/airflow/.local/lib/python3.10/site-packages/requests/sessions.py", line 703, in send
    r = adapter.send(request, **kwargs)
[2026-09-16T15:45:11.315+0000] {logging_mixin.py:188} WARNING -   File "/home/airflow/.local/lib/python3.10/site-packages/requests/adapters.py", line 519, in send
    raise ConnectionError(e, request=request)
[2026-09-16T15:45:11.315+0000] {logging_mixin.py:188} WARNING - requests.exceptions.ConnectionError: HTTPSConnectionPool(host='www.googleapis.com', port=443): Max retries exceeded with url: /youtube/v3/videos?part=snippet%2Cstatistics%2CcontentDetails&id=Uxc84UUrVHk&key=AIzaSyCu0SeP4QtsaF8H6qeF4NcFYaRehf3ot8w (Caused by NameResolutionError("<urllib3.connection.HTTPSConnection object at 0x7bc5c06d6770>: Failed to resolve 'www.googleapis.com' ([Errno -2] Name or service not known)"))
[2026-09-16T15:45:11.325+0000] {logging_mixin.py:188} WARNING - Traceback (most recent call last):
[2026-09-16T15:45:11.326+0000] {logging_mixin.py:188} WARNING -   File "/home/airflow/.local/lib/python3.10/site-packages/urllib3/connection.py", line 198, in _new_conn
    sock = connection.create_connection(
[2026-09-16T15:45:11.327+0000] {logging_mixin.py:188} WARNING -   File "/home/airflow/.local/lib/python3.10/site-packages/urllib3/util/connection.py", line 60, in create_connection
    for res in socket.getaddrinfo(host, port, family, socket.SOCK_STREAM):
[2026-09-16T15:45:11.328+0000] {logging_mixin.py:188} WARNING -   File "/usr/local/lib/python3.10/socket.py", line 955, in getaddrinfo
    for res in _socket.getaddrinfo(host, port, family, type, proto, flags):
[2026-09-16T15:45:11.328+0000] {logging_mixin.py:188} WARNING - socket.gaierror: [Errno -2] Name or service not known
[2026-09-16T15:45:11.329+0000] {logging_mixin.py:188} WARNING - 
The above exception was the direct cause of the following exception:
[2026-09-16T15:45:11.329+0000] {logging_mixin.py:188} WARNING - Traceback (most recent call last):
[2026-09-16T15:45:11.330+0000] {logging_mixin.py:188} WARNING -   File "/home/airflow/.local/lib/python3.10/site-packages/urllib3/connectionpool.py", line 793, in urlopen
    response = self._make_request(
[2026-09-16T15:45:11.331+0000] {logging_mixin.py:188} WARNING -   File "/home/airflow/.local/lib/python3.10/site-packages/urllib3/connectionpool.py", line 491, in _make_request
    raise new_e
[2026-09-16T15:45:11.331+0000] {logging_mixin.py:188} WARNING -   File "/home/airflow/.local/lib/python3.10/site-packages/urllib3/connectionpool.py", line 467, in _make_request
    self._validate_conn(conn)
[2026-09-16T15:45:11.331+0000] {logging_mixin.py:188} WARNING -   File "/home/airflow/.local/lib/python3.10/site-packages/urllib3/connectionpool.py", line 1099, in _validate_conn
    conn.connect()
[2026-09-16T15:45:11.332+0000] {logging_mixin.py:188} WARNING -   File "/home/airflow/.local/lib/python3.10/site-packages/urllib3/connection.py", line 616, in connect
    self.sock = sock = self._new_conn()
[2026-09-16T15:45:11.332+0000] {logging_mixin.py:188} WARNING -   File "/home/airflow/.local/lib/python3.10/site-packages/urllib3/connection.py", line 205, in _new_conn
    raise NameResolutionError(self.host, self, e) from e
[2026-09-16T15:45:11.333+0000] {logging_mixin.py:188} WARNING - urllib3.exceptions.NameResolutionError: <urllib3.connection.HTTPSConnection object at 0x7bc5c06d5f60>: Failed to resolve 'www.googleapis.com' ([Errno -2] Name or service not known)
[2026-09-16T15:45:11.333+0000] {logging_mixin.py:188} WARNING - 
The above exception was the direct cause of the following exception:
[2026-09-16T15:45:11.334+0000] {logging_mixin.py:188} WARNING - Traceback (most recent call last):
[2026-09-16T15:45:11.334+0000] {logging_mixin.py:188} WARNING -   File "/home/airflow/.local/lib/python3.10/site-packages/requests/adapters.py", line 486, in send
    resp = conn.urlopen(
[2026-09-16T15:45:11.335+0000] {logging_mixin.py:188} WARNING -   File "/home/airflow/.local/lib/python3.10/site-packages/urllib3/connectionpool.py", line 847, in urlopen
    retries = retries.increment(
[2026-09-16T15:45:11.335+0000] {logging_mixin.py:188} WARNING -   File "/home/airflow/.local/lib/python3.10/site-packages/urllib3/util/retry.py", line 515, in increment
    raise MaxRetryError(_pool, url, reason) from reason  # type: ignore[arg-type]
[2026-09-16T15:45:11.335+0000] {logging_mixin.py:188} WARNING - urllib3.exceptions.MaxRetryError: HTTPSConnectionPool(host='www.googleapis.com', port=443): Max retries exceeded with url: /youtube/v3/videos?part=snippet%2Cstatistics%2CcontentDetails&id=BzKaMelDzqo&key=AIzaSyCu0SeP4QtsaF8H6qeF4NcFYaRehf3ot8w (Caused by NameResolutionError("<urllib3.connection.HTTPSConnection object at 0x7bc5c06d5f60>: Failed to resolve 'www.googleapis.com' ([Errno -2] Name or service not known)"))
[2026-09-16T15:45:11.336+0000] {logging_mixin.py:188} WARNING - 
During handling of the above exception, another exception occurred:
[2026-09-16T15:45:11.336+0000] {logging_mixin.py:188} WARNING - Traceback (most recent call last):
[2026-09-16T15:45:11.337+0000] {logging_mixin.py:188} WARNING -   File "/opt/airflow/src/app.py", line 72, in get_all_videos
    video = clt.get_video_info(id, self.config.videoInfoUrl,
[2026-09-16T15:45:11.341+0000] {logging_mixin.py:188} WARNING -   File "/opt/airflow/src/controller/info.py", line 12, in get_video_info
    response: req.Response = req.get(url, params=params)
[2026-09-16T15:45:11.343+0000] {logging_mixin.py:188} WARNING -   File "/home/airflow/.local/lib/python3.10/site-packages/requests/api.py", line 73, in get
    return request("get", url, params=params, **kwargs)
[2026-09-16T15:45:11.344+0000] {logging_mixin.py:188} WARNING -   File "/home/airflow/.local/lib/python3.10/site-packages/requests/api.py", line 59, in request
    return session.request(method=method, url=url, **kwargs)
[2026-09-16T15:45:11.345+0000] {logging_mixin.py:188} WARNING -   File "/home/airflow/.local/lib/python3.10/site-packages/requests/sessions.py", line 589, in request
    resp = self.send(prep, **send_kwargs)
[2026-09-16T15:45:11.346+0000] {logging_mixin.py:188} WARNING -   File "/home/airflow/.local/lib/python3.10/site-packages/requests/sessions.py", line 703, in send
    r = adapter.send(request, **kwargs)
[2026-09-16T15:45:11.346+0000] {logging_mixin.py:188} WARNING -   File "/home/airflow/.local/lib/python3.10/site-packages/requests/adapters.py", line 519, in send
    raise ConnectionError(e, request=request)
[2026-09-16T15:45:11.347+0000] {logging_mixin.py:188} WARNING - requests.exceptions.ConnectionError: HTTPSConnectionPool(host='www.googleapis.com', port=443): Max retries exceeded with url: /youtube/v3/videos?part=snippet%2Cstatistics%2CcontentDetails&id=BzKaMelDzqo&key=AIzaSyCu0SeP4QtsaF8H6qeF4NcFYaRehf3ot8w (Caused by NameResolutionError("<urllib3.connection.HTTPSConnection object at 0x7bc5c06d5f60>: Failed to resolve 'www.googleapis.com' ([Errno -2] Name or service not known)"))
[2026-09-16T15:45:11.357+0000] {logging_mixin.py:188} WARNING - Traceback (most recent call last):
[2026-09-16T15:45:11.358+0000] {logging_mixin.py:188} WARNING -   File "/home/airflow/.local/lib/python3.10/site-packages/urllib3/connection.py", line 198, in _new_conn
    sock = connection.create_connection(
[2026-09-16T15:45:11.358+0000] {logging_mixin.py:188} WARNING -   File "/home/airflow/.local/lib/python3.10/site-packages/urllib3/util/connection.py", line 60, in create_connection
    for res in socket.getaddrinfo(host, port, family, socket.SOCK_STREAM):
[2026-09-16T15:45:11.359+0000] {logging_mixin.py:188} WARNING -   File "/usr/local/lib/python3.10/socket.py", line 955, in getaddrinfo
    for res in _socket.getaddrinfo(host, port, family, type, proto, flags):
[2026-09-16T15:45:11.360+0000] {logging_mixin.py:188} WARNING - socket.gaierror: [Errno -2] Name or service not known
[2026-09-16T15:45:11.360+0000] {logging_mixin.py:188} WARNING - 
The above exception was the direct cause of the following exception:
[2026-09-16T15:45:11.361+0000] {logging_mixin.py:188} WARNING - Traceback (most recent call last):
[2026-09-16T15:45:11.362+0000] {logging_mixin.py:188} WARNING -   File "/home/airflow/.local/lib/python3.10/site-packages/urllib3/connectionpool.py", line 793, in urlopen
    response = self._make_request(
[2026-09-16T15:45:11.362+0000] {logging_mixin.py:188} WARNING -   File "/home/airflow/.local/lib/python3.10/site-packages/urllib3/connectionpool.py", line 491, in _make_request
    raise new_e
[2026-09-16T15:45:11.363+0000] {logging_mixin.py:188} WARNING -   File "/home/airflow/.local/lib/python3.10/site-packages/urllib3/connectionpool.py", line 467, in _make_request
    self._validate_conn(conn)
[2026-09-16T15:45:11.364+0000] {logging_mixin.py:188} WARNING -   File "/home/airflow/.local/lib/python3.10/site-packages/urllib3/connectionpool.py", line 1099, in _validate_conn
    conn.connect()
[2026-09-16T15:45:11.364+0000] {logging_mixin.py:188} WARNING -   File "/home/airflow/.local/lib/python3.10/site-packages/urllib3/connection.py", line 616, in connect
    self.sock = sock = self._new_conn()
[2026-09-16T15:45:11.365+0000] {logging_mixin.py:188} WARNING -   File "/home/airflow/.local/lib/python3.10/site-packages/urllib3/connection.py", line 205, in _new_conn
    raise NameResolutionError(self.host, self, e) from e
[2026-09-16T15:45:11.366+0000] {logging_mixin.py:188} WARNING - urllib3.exceptions.NameResolutionError: <urllib3.connection.HTTPSConnection object at 0x7bc5c06d54b0>: Failed to resolve 'www.googleapis.com' ([Errno -2] Name or service not known)
[2026-09-16T15:45:11.366+0000] {logging_mixin.py:188} WARNING - 
The above exception was the direct cause of the following exception:
[2026-09-16T15:45:11.367+0000] {logging_mixin.py:188} WARNING - Traceback (most recent call last):
[2026-09-16T15:45:11.367+0000] {logging_mixin.py:188} WARNING -   File "/home/airflow/.local/lib/python3.10/site-packages/requests/adapters.py", line 486, in send
    resp = conn.urlopen(
[2026-09-16T15:45:11.368+0000] {logging_mixin.py:188} WARNING -   File "/home/airflow/.local/lib/python3.10/site-packages/urllib3/connectionpool.py", line 847, in urlopen
    retries = retries.increment(
[2026-09-16T15:45:11.369+0000] {logging_mixin.py:188} WARNING -   File "/home/airflow/.local/lib/python3.10/site-packages/urllib3/util/retry.py", line 515, in increment
    raise MaxRetryError(_pool, url, reason) from reason  # type: ignore[arg-type]
[2026-09-16T15:45:11.369+0000] {logging_mixin.py:188} WARNING - urllib3.exceptions.MaxRetryError: HTTPSConnectionPool(host='www.googleapis.com', port=443): Max retries exceeded with url: /youtube/v3/videos?part=snippet%2Cstatistics%2CcontentDetails&id=4yx9ZJDfyKk&key=AIzaSyCu0SeP4QtsaF8H6qeF4NcFYaRehf3ot8w (Caused by NameResolutionError("<urllib3.connection.HTTPSConnection object at 0x7bc5c06d54b0>: Failed to resolve 'www.googleapis.com' ([Errno -2] Name or service not known)"))
[2026-09-16T15:45:11.370+0000] {logging_mixin.py:188} WARNING - 
During handling of the above exception, another exception occurred:
[2026-09-16T15:45:11.370+0000] {logging_mixin.py:188} WARNING - Traceback (most recent call last):
[2026-09-16T15:45:11.371+0000] {logging_mixin.py:188} WARNING -   File "/opt/airflow/src/app.py", line 72, in get_all_videos
    video = clt.get_video_info(id, self.config.videoInfoUrl,
[2026-09-16T15:45:11.371+0000] {logging_mixin.py:188} WARNING -   File "/opt/airflow/src/controller/info.py", line 12, in get_video_info
    response: req.Response = req.get(url, params=params)
[2026-09-16T15:45:11.372+0000] {logging_mixin.py:188} WARNING -   File "/home/airflow/.local/lib/python3.10/site-packages/requests/api.py", line 73, in get
    return request("get", url, params=params, **kwargs)
[2026-09-16T15:45:11.373+0000] {logging_mixin.py:188} WARNING -   File "/home/airflow/.local/lib/python3.10/site-packages/requests/api.py", line 59, in request
    return session.request(method=method, url=url, **kwargs)
[2026-09-16T15:45:11.373+0000] {logging_mixin.py:188} WARNING -   File "/home/airflow/.local/lib/python3.10/site-packages/requests/sessions.py", line 589, in request
    resp = self.send(prep, **send_kwargs)
[2026-09-16T15:45:11.374+0000] {logging_mixin.py:188} WARNING -   File "/home/airflow/.local/lib/python3.10/site-packages/requests/sessions.py", line 703, in send
    r = adapter.send(request, **kwargs)
[2026-09-16T15:45:11.375+0000] {logging_mixin.py:188} WARNING -   File "/home/airflow/.local/lib/python3.10/site-packages/requests/adapters.py", line 519, in send
    raise ConnectionError(e, request=request)
[2026-09-16T15:45:11.375+0000] {logging_mixin.py:188} WARNING - requests.exceptions.ConnectionError: HTTPSConnectionPool(host='www.googleapis.com', port=443): Max retries exceeded with url: /youtube/v3/videos?part=snippet%2Cstatistics%2CcontentDetails&id=4yx9ZJDfyKk&key=AIzaSyCu0SeP4QtsaF8H6qeF4NcFYaRehf3ot8w (Caused by NameResolutionError("<urllib3.connection.HTTPSConnection object at 0x7bc5c06d54b0>: Failed to resolve 'www.googleapis.com' ([Errno -2] Name or service not known)"))
[2026-09-16T15:45:11.384+0000] {logging_mixin.py:188} WARNING - Traceback (most recent call last):
[2026-09-16T15:45:11.385+0000] {logging_mixin.py:188} WARNING -   File "/home/airflow/.local/lib/python3.10/site-packages/urllib3/connection.py", line 198, in _new_conn
    sock = connection.create_connection(
[2026-09-16T15:45:11.386+0000] {logging_mixin.py:188} WARNING -   File "/home/airflow/.local/lib/python3.10/site-packages/urllib3/util/connection.py", line 60, in create_connection
    for res in socket.getaddrinfo(host, port, family, socket.SOCK_STREAM):
[2026-09-16T15:45:11.386+0000] {logging_mixin.py:188} WARNING -   File "/usr/local/lib/python3.10/socket.py", line 955, in getaddrinfo
    for res in _socket.getaddrinfo(host, port, family, type, proto, flags):
[2026-09-16T15:45:11.387+0000] {logging_mixin.py:188} WARNING - socket.gaierror: [Errno -2] Name or service not known
[2026-09-16T15:45:11.388+0000] {logging_mixin.py:188} WARNING - 
The above exception was the direct cause of the following exception:
[2026-09-16T15:45:11.388+0000] {logging_mixin.py:188} WARNING - Traceback (most recent call last):
[2026-09-16T15:45:11.389+0000] {logging_mixin.py:188} WARNING -   File "/home/airflow/.local/lib/python3.10/site-packages/urllib3/connectionpool.py", line 793, in urlopen
    response = self._make_request(
[2026-09-16T15:45:11.389+0000] {logging_mixin.py:188} WARNING -   File "/home/airflow/.local/lib/python3.10/site-packages/urllib3/connectionpool.py", line 491, in _make_request
    raise new_e
[2026-09-16T15:45:11.389+0000] {logging_mixin.py:188} WARNING -   File "/home/airflow/.local/lib/python3.10/site-packages/urllib3/connectionpool.py", line 467, in _make_request
    self._validate_conn(conn)
[2026-09-16T15:45:11.390+0000] {logging_mixin.py:188} WARNING -   File "/home/airflow/.local/lib/python3.10/site-packages/urllib3/connectionpool.py", line 1099, in _validate_conn
    conn.connect()
[2026-09-16T15:45:11.390+0000] {logging_mixin.py:188} WARNING -   File "/home/airflow/.local/lib/python3.10/site-packages/urllib3/connection.py", line 616, in connect
    self.sock = sock = self._new_conn()
[2026-09-16T15:45:11.391+0000] {logging_mixin.py:188} WARNING -   File "/home/airflow/.local/lib/python3.10/site-packages/urllib3/connection.py", line 205, in _new_conn
    raise NameResolutionError(self.host, self, e) from e
[2026-09-16T15:45:11.391+0000] {logging_mixin.py:188} WARNING - urllib3.exceptions.NameResolutionError: <urllib3.connection.HTTPSConnection object at 0x7bc5c06d60e0>: Failed to resolve 'www.googleapis.com' ([Errno -2] Name or service not known)
[2026-09-16T15:45:11.392+0000] {logging_mixin.py:188} WARNING - 
The above exception was the direct cause of the following exception:
[2026-09-16T15:45:11.392+0000] {logging_mixin.py:188} WARNING - Traceback (most recent call last):
[2026-09-16T15:45:11.392+0000] {logging_mixin.py:188} WARNING -   File "/home/airflow/.local/lib/python3.10/site-packages/requests/adapters.py", line 486, in send
    resp = conn.urlopen(
[2026-09-16T15:45:11.393+0000] {logging_mixin.py:188} WARNING -   File "/home/airflow/.local/lib/python3.10/site-packages/urllib3/connectionpool.py", line 847, in urlopen
    retries = retries.increment(
[2026-09-16T15:45:11.393+0000] {logging_mixin.py:188} WARNING -   File "/home/airflow/.local/lib/python3.10/site-packages/urllib3/util/retry.py", line 515, in increment
    raise MaxRetryError(_pool, url, reason) from reason  # type: ignore[arg-type]
[2026-09-16T15:45:11.394+0000] {logging_mixin.py:188} WARNING - urllib3.exceptions.MaxRetryError: HTTPSConnectionPool(host='www.googleapis.com', port=443): Max retries exceeded with url: /youtube/v3/videos?part=snippet%2Cstatistics%2CcontentDetails&id=kPa_S6jN9ls&key=AIzaSyCu0SeP4QtsaF8H6qeF4NcFYaRehf3ot8w (Caused by NameResolutionError("<urllib3.connection.HTTPSConnection object at 0x7bc5c06d60e0>: Failed to resolve 'www.googleapis.com' ([Errno -2] Name or service not known)"))
[2026-09-16T15:45:11.394+0000] {logging_mixin.py:188} WARNING - 
During handling of the above exception, another exception occurred:
[2026-09-16T15:45:11.395+0000] {logging_mixin.py:188} WARNING - Traceback (most recent call last):
[2026-09-16T15:45:11.396+0000] {logging_mixin.py:188} WARNING -   File "/opt/airflow/src/app.py", line 72, in get_all_videos
    video = clt.get_video_info(id, self.config.videoInfoUrl,
[2026-09-16T15:45:11.396+0000] {logging_mixin.py:188} WARNING -   File "/opt/airflow/src/controller/info.py", line 12, in get_video_info
    response: req.Response = req.get(url, params=params)
[2026-09-16T15:45:11.397+0000] {logging_mixin.py:188} WARNING -   File "/home/airflow/.local/lib/python3.10/site-packages/requests/api.py", line 73, in get
    return request("get", url, params=params, **kwargs)
[2026-09-16T15:45:11.398+0000] {logging_mixin.py:188} WARNING -   File "/home/airflow/.local/lib/python3.10/site-packages/requests/api.py", line 59, in request
    return session.request(method=method, url=url, **kwargs)
[2026-09-16T15:45:11.398+0000] {logging_mixin.py:188} WARNING -   File "/home/airflow/.local/lib/python3.10/site-packages/requests/sessions.py", line 589, in request
    resp = self.send(prep, **send_kwargs)
[2026-09-16T15:45:11.401+0000] {logging_mixin.py:188} WARNING -   File "/home/airflow/.local/lib/python3.10/site-packages/requests/sessions.py", line 703, in send
    r = adapter.send(request, **kwargs)
[2026-09-16T15:45:11.402+0000] {logging_mixin.py:188} WARNING -   File "/home/airflow/.local/lib/python3.10/site-packages/requests/adapters.py", line 519, in send
    raise ConnectionError(e, request=request)
[2026-09-16T15:45:11.403+0000] {logging_mixin.py:188} WARNING - requests.exceptions.ConnectionError: HTTPSConnectionPool(host='www.googleapis.com', port=443): Max retries exceeded with url: /youtube/v3/videos?part=snippet%2Cstatistics%2CcontentDetails&id=kPa_S6jN9ls&key=AIzaSyCu0SeP4QtsaF8H6qeF4NcFYaRehf3ot8w (Caused by NameResolutionError("<urllib3.connection.HTTPSConnection object at 0x7bc5c06d60e0>: Failed to resolve 'www.googleapis.com' ([Errno -2] Name or service not known)"))
[2026-09-16T15:45:11.413+0000] {logging_mixin.py:188} WARNING - Traceback (most recent call last):
[2026-09-16T15:45:11.415+0000] {logging_mixin.py:188} WARNING -   File "/home/airflow/.local/lib/python3.10/site-packages/urllib3/connection.py", line 198, in _new_conn
    sock = connection.create_connection(
[2026-09-16T15:45:11.415+0000] {logging_mixin.py:188} WARNING -   File "/home/airflow/.local/lib/python3.10/site-packages/urllib3/util/connection.py", line 60, in create_connection
    for res in socket.getaddrinfo(host, port, family, socket.SOCK_STREAM):
[2026-09-16T15:45:11.416+0000] {logging_mixin.py:188} WARNING -   File "/usr/local/lib/python3.10/socket.py", line 955, in getaddrinfo
    for res in _socket.getaddrinfo(host, port, family, type, proto, flags):
[2026-09-16T15:45:11.417+0000] {logging_mixin.py:188} WARNING - socket.gaierror: [Errno -2] Name or service not known
[2026-09-16T15:45:11.417+0000] {logging_mixin.py:188} WARNING - 
The above exception was the direct cause of the following exception:
[2026-09-16T15:45:11.418+0000] {logging_mixin.py:188} WARNING - Traceback (most recent call last):
[2026-09-16T15:45:11.418+0000] {logging_mixin.py:188} WARNING -   File "/home/airflow/.local/lib/python3.10/site-packages/urllib3/connectionpool.py", line 793, in urlopen
    response = self._make_request(
[2026-09-16T15:45:11.419+0000] {logging_mixin.py:188} WARNING -   File "/home/airflow/.local/lib/python3.10/site-packages/urllib3/connectionpool.py", line 491, in _make_request
    raise new_e
[2026-09-16T15:45:11.419+0000] {logging_mixin.py:188} WARNING -   File "/home/airflow/.local/lib/python3.10/site-packages/urllib3/connectionpool.py", line 467, in _make_request
    self._validate_conn(conn)
[2026-09-16T15:45:11.419+0000] {logging_mixin.py:188} WARNING -   File "/home/airflow/.local/lib/python3.10/site-packages/urllib3/connectionpool.py", line 1099, in _validate_conn
    conn.connect()
[2026-09-16T15:45:11.420+0000] {logging_mixin.py:188} WARNING -   File "/home/airflow/.local/lib/python3.10/site-packages/urllib3/connection.py", line 616, in connect
    self.sock = sock = self._new_conn()
[2026-09-16T15:45:11.420+0000] {logging_mixin.py:188} WARNING -   File "/home/airflow/.local/lib/python3.10/site-packages/urllib3/connection.py", line 205, in _new_conn
    raise NameResolutionError(self.host, self, e) from e
[2026-09-16T15:45:11.421+0000] {logging_mixin.py:188} WARNING - urllib3.exceptions.NameResolutionError: <urllib3.connection.HTTPSConnection object at 0x7bc5c06d7100>: Failed to resolve 'www.googleapis.com' ([Errno -2] Name or service not known)
[2026-09-16T15:45:11.422+0000] {logging_mixin.py:188} WARNING - 
The above exception was the direct cause of the following exception:
[2026-09-16T15:45:11.422+0000] {logging_mixin.py:188} WARNING - Traceback (most recent call last):
[2026-09-16T15:45:11.423+0000] {logging_mixin.py:188} WARNING -   File "/home/airflow/.local/lib/python3.10/site-packages/requests/adapters.py", line 486, in send
    resp = conn.urlopen(
[2026-09-16T15:45:11.423+0000] {logging_mixin.py:188} WARNING -   File "/home/airflow/.local/lib/python3.10/site-packages/urllib3/connectionpool.py", line 847, in urlopen
    retries = retries.increment(
[2026-09-16T15:45:11.423+0000] {logging_mixin.py:188} WARNING -   File "/home/airflow/.local/lib/python3.10/site-packages/urllib3/util/retry.py", line 515, in increment
    raise MaxRetryError(_pool, url, reason) from reason  # type: ignore[arg-type]
[2026-09-16T15:45:11.424+0000] {logging_mixin.py:188} WARNING - urllib3.exceptions.MaxRetryError: HTTPSConnectionPool(host='www.googleapis.com', port=443): Max retries exceeded with url: /youtube/v3/videos?part=snippet%2Cstatistics%2CcontentDetails&id=69g-YcbmgQA&key=AIzaSyCu0SeP4QtsaF8H6qeF4NcFYaRehf3ot8w (Caused by NameResolutionError("<urllib3.connection.HTTPSConnection object at 0x7bc5c06d7100>: Failed to resolve 'www.googleapis.com' ([Errno -2] Name or service not known)"))
[2026-09-16T15:45:11.424+0000] {logging_mixin.py:188} WARNING - 
During handling of the above exception, another exception occurred:
[2026-09-16T15:45:11.424+0000] {logging_mixin.py:188} WARNING - Traceback (most recent call last):
[2026-09-16T15:45:11.425+0000] {logging_mixin.py:188} WARNING -   File "/opt/airflow/src/app.py", line 72, in get_all_videos
    video = clt.get_video_info(id, self.config.videoInfoUrl,
[2026-09-16T15:45:11.425+0000] {logging_mixin.py:188} WARNING -   File "/opt/airflow/src/controller/info.py", line 12, in get_video_info
    response: req.Response = req.get(url, params=params)
[2026-09-16T15:45:11.426+0000] {logging_mixin.py:188} WARNING -   File "/home/airflow/.local/lib/python3.10/site-packages/requests/api.py", line 73, in get
    return request("get", url, params=params, **kwargs)
[2026-09-16T15:45:11.426+0000] {logging_mixin.py:188} WARNING -   File "/home/airflow/.local/lib/python3.10/site-packages/requests/api.py", line 59, in request
    return session.request(method=method, url=url, **kwargs)
[2026-09-16T15:45:11.427+0000] {logging_mixin.py:188} WARNING -   File "/home/airflow/.local/lib/python3.10/site-packages/requests/sessions.py", line 589, in request
    resp = self.send(prep, **send_kwargs)
[2026-09-16T15:45:11.428+0000] {logging_mixin.py:188} WARNING -   File "/home/airflow/.local/lib/python3.10/site-packages/requests/sessions.py", line 703, in send
    r = adapter.send(request, **kwargs)
[2026-09-16T15:45:11.428+0000] {logging_mixin.py:188} WARNING -   File "/home/airflow/.local/lib/python3.10/site-packages/requests/adapters.py", line 519, in send
    raise ConnectionError(e, request=request)
[2026-09-16T15:45:11.429+0000] {logging_mixin.py:188} WARNING - requests.exceptions.ConnectionError: HTTPSConnectionPool(host='www.googleapis.com', port=443): Max retries exceeded with url: /youtube/v3/videos?part=snippet%2Cstatistics%2CcontentDetails&id=69g-YcbmgQA&key=AIzaSyCu0SeP4QtsaF8H6qeF4NcFYaRehf3ot8w (Caused by NameResolutionError("<urllib3.connection.HTTPSConnection object at 0x7bc5c06d7100>: Failed to resolve 'www.googleapis.com' ([Errno -2] Name or service not known)"))
[2026-09-16T15:45:11.459+0000] {logging_mixin.py:188} WARNING - Traceback (most recent call last):
[2026-09-16T15:45:11.465+0000] {logging_mixin.py:188} WARNING -   File "/home/airflow/.local/lib/python3.10/site-packages/urllib3/connection.py", line 198, in _new_conn
    sock = connection.create_connection(
[2026-09-16T15:45:11.467+0000] {logging_mixin.py:188} WARNING -   File "/home/airflow/.local/lib/python3.10/site-packages/urllib3/util/connection.py", line 60, in create_connection
    for res in socket.getaddrinfo(host, port, family, socket.SOCK_STREAM):
[2026-09-16T15:45:11.468+0000] {logging_mixin.py:188} WARNING -   File "/usr/local/lib/python3.10/socket.py", line 955, in getaddrinfo
    for res in _socket.getaddrinfo(host, port, family, type, proto, flags):
[2026-09-16T15:45:11.469+0000] {logging_mixin.py:188} WARNING - socket.gaierror: [Errno -2] Name or service not known
[2026-09-16T15:45:11.470+0000] {logging_mixin.py:188} WARNING - 
The above exception was the direct cause of the following exception:
[2026-09-16T15:45:11.470+0000] {logging_mixin.py:188} WARNING - Traceback (most recent call last):
[2026-09-16T15:45:11.471+0000] {logging_mixin.py:188} WARNING -   File "/home/airflow/.local/lib/python3.10/site-packages/urllib3/connectionpool.py", line 793, in urlopen
    response = self._make_request(
[2026-09-16T15:45:11.472+0000] {logging_mixin.py:188} WARNING -   File "/home/airflow/.local/lib/python3.10/site-packages/urllib3/connectionpool.py", line 491, in _make_request
    raise new_e
[2026-09-16T15:45:11.473+0000] {logging_mixin.py:188} WARNING -   File "/home/airflow/.local/lib/python3.10/site-packages/urllib3/connectionpool.py", line 467, in _make_request
    self._validate_conn(conn)
[2026-09-16T15:45:11.473+0000] {logging_mixin.py:188} WARNING -   File "/home/airflow/.local/lib/python3.10/site-packages/urllib3/connectionpool.py", line 1099, in _validate_conn
    conn.connect()
[2026-09-16T15:45:11.474+0000] {logging_mixin.py:188} WARNING -   File "/home/airflow/.local/lib/python3.10/site-packages/urllib3/connection.py", line 616, in connect
    self.sock = sock = self._new_conn()
[2026-09-16T15:45:11.475+0000] {logging_mixin.py:188} WARNING -   File "/home/airflow/.local/lib/python3.10/site-packages/urllib3/connection.py", line 205, in _new_conn
    raise NameResolutionError(self.host, self, e) from e
[2026-09-16T15:45:11.478+0000] {logging_mixin.py:188} WARNING - urllib3.exceptions.NameResolutionError: <urllib3.connection.HTTPSConnection object at 0x7bc5c06d5c00>: Failed to resolve 'www.googleapis.com' ([Errno -2] Name or service not known)
[2026-09-16T15:45:11.480+0000] {logging_mixin.py:188} WARNING - 
The above exception was the direct cause of the following exception:
[2026-09-16T15:45:11.481+0000] {logging_mixin.py:188} WARNING - Traceback (most recent call last):
[2026-09-16T15:45:11.482+0000] {logging_mixin.py:188} WARNING -   File "/home/airflow/.local/lib/python3.10/site-packages/requests/adapters.py", line 486, in send
    resp = conn.urlopen(
[2026-09-16T15:45:11.484+0000] {logging_mixin.py:188} WARNING -   File "/home/airflow/.local/lib/python3.10/site-packages/urllib3/connectionpool.py", line 847, in urlopen
    retries = retries.increment(
[2026-09-16T15:45:11.484+0000] {logging_mixin.py:188} WARNING -   File "/home/airflow/.local/lib/python3.10/site-packages/urllib3/util/retry.py", line 515, in increment
    raise MaxRetryError(_pool, url, reason) from reason  # type: ignore[arg-type]
[2026-09-16T15:45:11.486+0000] {logging_mixin.py:188} WARNING - urllib3.exceptions.MaxRetryError: HTTPSConnectionPool(host='www.googleapis.com', port=443): Max retries exceeded with url: /youtube/v3/videos?part=snippet%2Cstatistics%2CcontentDetails&id=aKq8bkY5eTU&key=AIzaSyCu0SeP4QtsaF8H6qeF4NcFYaRehf3ot8w (Caused by NameResolutionError("<urllib3.connection.HTTPSConnection object at 0x7bc5c06d5c00>: Failed to resolve 'www.googleapis.com' ([Errno -2] Name or service not known)"))
[2026-09-16T15:45:11.486+0000] {logging_mixin.py:188} WARNING - 
During handling of the above exception, another exception occurred:
[2026-09-16T15:45:11.490+0000] {logging_mixin.py:188} WARNING - Traceback (most recent call last):
[2026-09-16T15:45:11.492+0000] {logging_mixin.py:188} WARNING -   File "/opt/airflow/src/app.py", line 72, in get_all_videos
    video = clt.get_video_info(id, self.config.videoInfoUrl,
[2026-09-16T15:45:11.493+0000] {logging_mixin.py:188} WARNING -   File "/opt/airflow/src/controller/info.py", line 12, in get_video_info
    response: req.Response = req.get(url, params=params)
[2026-09-16T15:45:11.494+0000] {logging_mixin.py:188} WARNING -   File "/home/airflow/.local/lib/python3.10/site-packages/requests/api.py", line 73, in get
    return request("get", url, params=params, **kwargs)
[2026-09-16T15:45:11.495+0000] {logging_mixin.py:188} WARNING -   File "/home/airflow/.local/lib/python3.10/site-packages/requests/api.py", line 59, in request
    return session.request(method=method, url=url, **kwargs)
[2026-09-16T15:45:11.496+0000] {logging_mixin.py:188} WARNING -   File "/home/airflow/.local/lib/python3.10/site-packages/requests/sessions.py", line 589, in request
    resp = self.send(prep, **send_kwargs)
[2026-09-16T15:45:11.497+0000] {logging_mixin.py:188} WARNING -   File "/home/airflow/.local/lib/python3.10/site-packages/requests/sessions.py", line 703, in send
    r = adapter.send(request, **kwargs)
[2026-09-16T15:45:11.498+0000] {logging_mixin.py:188} WARNING -   File "/home/airflow/.local/lib/python3.10/site-packages/requests/adapters.py", line 519, in send
    raise ConnectionError(e, request=request)
[2026-09-16T15:45:11.499+0000] {logging_mixin.py:188} WARNING - requests.exceptions.ConnectionError: HTTPSConnectionPool(host='www.googleapis.com', port=443): Max retries exceeded with url: /youtube/v3/videos?part=snippet%2Cstatistics%2CcontentDetails&id=aKq8bkY5eTU&key=AIzaSyCu0SeP4QtsaF8H6qeF4NcFYaRehf3ot8w (Caused by NameResolutionError("<urllib3.connection.HTTPSConnection object at 0x7bc5c06d5c00>: Failed to resolve 'www.googleapis.com' ([Errno -2] Name or service not known)"))
[2026-09-16T15:45:11.499+0000] {logging_mixin.py:188} INFO - [                              ] 1/150[                              ] 2/150[                              ] 3/150[                              ] 4/150[-                             ] 5/150[-                             ] 6/150[-                             ] 7/150[-                             ] 8/150[-                             ] 9/150[--                            ] 10/150[--                            ] 11/150[--                            ] 12/150[--                            ] 13/150[--                            ] 14/150[---                           ] 15/150[---                           ] 16/150[---                           ] 17/150[---                           ] 18/150[---                           ] 19/150[----                          ] 20/150[----                          ] 21/150[----                          ] 22/150[----                          ] 23/150[----                          ] 24/150[-----                         ] 25/150[-----                         ] 26/150[-----                         ] 27/150[-----                         ] 28/150[-----                         ] 29/150[------                        ] 30/150[------                        ] 31/150[------                        ] 32/150[------                        ] 33/150[------                        ] 34/150[-------                       ] 35/150[-------                       ] 36/150[-------                       ] 37/150[-------                       ] 38/150[-------                       ] 39/150[--------                      ] 40/150[--------                      ] 41/150[--------                      ] 42/150[--------                      ] 43/150[--------                      ] 44/150[---------                     ] 45/150[---------                     ] 46/150[---------                     ] 47/150[---------                     ] 48/150[---------                     ] 49/150[----------                    ] 50/150[----------                    ] 51/150[----------                    ] 52/150[----------                    ] 53/150[----------                    ] 54/150[-----------                   ] 55/150[-----------                   ] 56/150[-----------                   ] 57/150[-----------                   ] 58/150[-----------                   ] 59/150[------------                  ] 60/150[------------                  ] 61/150[------------                  ] 62/150[------------                  ] 63/150[------------                  ] 64/150[-------------                 ] 65/150[-------------                 ] 66/150[-------------                 ] 67/150[-------------                 ] 68/150[-------------                 ] 69/150[--------------                ] 70/150[--------------                ] 71/150[--------------                ] 72/150[--------------                ] 73/150[--------------                ] 74/150[---------------               ] 75/150[---------------               ] 76/150[---------------               ] 77/150[---------------               ] 78/150[---------------               ] 79/150[----------------              ] 80/150[----------------              ] 81/150[----------------              ] 82/150[----------------              ] 83/150[----------------              ] 84/150[-----------------             ] 85/150[-----------------             ] 86/150[-----------------             ] 87/150[-----------------             ] 88/150[-----------------             ] 89/150[------------------            ] 90/150[------------------            ] 91/150[------------------            ] 92/150[------------------            ] 93/150[------------------            ] 94/150[-------------------           ] 95/150[-------------------           ] 96/150[-------------------           ] 97/150[-------------------           ] 98/150[-------------------           ] 99/150[--------------------          ] 100/150[--------------------          ] 101/150[--------------------          ] 102/150[--------------------          ] 103/150[--------------------          ] 104/150[---------------------         ] 105/150[---------------------         ] 106/150[---------------------         ] 107/150[---------------------         ] 108/150[---------------------         ] 109/150[----------------------        ] 110/150[----------------------        ] 111/150[----------------------        ] 112/150[----------------------        ] 113/150[----------------------        ] 114/150[-----------------------       ] 115/150[-----------------------       ] 116/150[-----------------------       ] 117/150[-----------------------       ] 118/150[-----------------------       ] 119/150[------------------------      ] 120/150[------------------------      ] 121/150[------------------------      ] 122/150[------------------------      ] 123/150[------------------------      ] 124/150[-------------------------     ] 125/150[-------------------------     ] 126/150[-------------------------     ] 127/150[-------------------------     ] 128/150[-------------------------     ] 129/150[--------------------------    ] 130/150[--------------------------    ] 131/150[--------------------------    ] 132/150[--------------------------    ] 133/150[--------------------------    ] 134/150[---------------------------   ] 135/150[---------------------------   ] 136/150[---------------------------   ] 137/150[---------------------------   ] 138/150[---------------------------   ] 139/150[----------------------------  ] 140/150[----------------------------  ] 141/150[----------------------------  ] 142/150[----------------------------  ] 143/150Done
[2026-09-16T15:45:11.501+0000] {python.py:237} INFO - Done. Returned value was: [{'video_id': 'gTKS8SAwUzE', 'title': 'I Survived The Most Extreme Places On Earth', 'published_at': '2026-09-05T16:00:01Z', 'duration': 'PT23M28S', 'views': 98449087, 'likes': 1344741, 'comments': 63972}, {'video_id': '5mU6SRS2Bxo', 'title': 'World’s Largest Tennis Match', 'published_at': '2026-08-23T16:00:04Z', 'duration': 'PT36S', 'views': 13070714, 'likes': 285917, 'comments': 19757}, {'video_id': 'Qtl8lJwbd4g', 'title': 'Escape 100 Cops, Win $500,000', 'published_at': '2026-08-22T16:00:05Z', 'duration': 'PT20M29S', 'views': 105084529, 'likes': 2034972, 'comments': 92298}, {'video_id': 'LiH-P4rSkLI', 'title': 'Can You Pass This Classroom Quiz?', 'published_at': '2026-08-11T16:00:06Z', 'duration': 'PT1M14S', 'views': 50561420, 'likes': 1547396, 'comments': 57583}, {'video_id': 'Af6i6ChAVTw', 'title': 'Last To Leave Mansion, Keeps It', 'published_at': '2026-08-08T16:00:01Z', 'duration': 'PT57M51S', 'views': 113708279, 'likes': 2295515, 'comments': 176241}, {'video_id': 'NMR32p4kwAQ', 'title': 'Mr Rizz IRL', 'published_at': '2026-08-02T22:59:39Z', 'duration': 'PT9S', 'views': 80889069, 'likes': 2209755, 'comments': 78104}, {'video_id': 'f7y2XikE7sY', 'title': 'Paying For Food With My Car', 'published_at': '2026-07-31T16:00:11Z', 'duration': 'PT50S', 'views': 79499663, 'likes': 2290079, 'comments': 25581}, {'video_id': 'lVylRtlPOIE', 'title': 'I Granted 100 Kids Their Biggest Wish!', 'published_at': '2026-07-25T16:00:05Z', 'duration': 'PT14M35S', 'views': 62877633, 'likes': 1705179, 'comments': 86472}, {'video_id': 'Df5Y-2ndQyU', 'title': 'Read My Book, You Could Win $1,000,000', 'published_at': '2026-07-17T16:00:06Z', 'duration': 'PT33S', 'views': 25907633, 'likes': 669182, 'comments': 22134}, {'video_id': 'egvLKQe6I4I', 'title': "Don't Pop the Balloon", 'published_at': '2026-07-10T16:00:09Z', 'duration': 'PT51S', 'views': 164214910, 'likes': 3538238, 'comments': 22660}, {'video_id': 'LgbyEFILLJI', 'title': '$1 vs $10,000 Cake', 'published_at': '2026-07-03T16:00:02Z', 'duration': 'PT49S', 'views': 152466068, 'likes': 3167029, 'comments': 19151}, {'video_id': 'iYlODtkyw_I', 'title': 'Survive 30 Days Chained To A Stranger, Win $250,000', 'published_at': '2026-06-27T16:00:05Z', 'duration': 'PT35M5S', 'views': 95415671, 'likes': 1688667, 'comments': 95595}, {'video_id': 'YA_kX8hu1gg', 'title': 'This Plane Takes Off in 12 Seconds', 'published_at': '2026-06-26T16:00:01Z', 'duration': 'PT20S', 'views': 42522679, 'likes': 1232867, 'comments': 21189}, {'video_id': 'XCGVurja73c', 'title': 'I Raced The Fastest Man On Earth', 'published_at': '2026-06-24T16:00:14Z', 'duration': 'PT25S', 'views': 152251895, 'likes': 3221484, 'comments': 21382}, {'video_id': 'r9aWeGqp43s', 'title': 'We Made Make-A-Wish Kids’ Dreams Come True', 'published_at': '2026-06-17T17:00:21Z', 'duration': 'PT39S', 'views': 20415963, 'likes': 715979, 'comments': 22177}, {'video_id': 'xDuuM3ERr5Q', 'title': 'Guess The Youtuber = Win $1,000', 'published_at': '2026-06-14T16:00:01Z', 'duration': 'PT52S', 'views': 221703598, 'likes': 3712589, 'comments': 28232}, {'video_id': '__fmDj0ZJ1Q', 'title': '50 YouTube Legends Fight For $1,000,000', 'published_at': '2026-06-13T16:00:00Z', 'duration': 'PT32M8S', 'views': 85189031, 'likes': 2272916, 'comments': 144640}, {'video_id': 'xCl2gndzFqE', 'title': 'POV: You Time Traveled Back to 2016', 'published_at': '2026-06-12T16:00:05Z', 'duration': 'PT48S', 'views': 18278957, 'likes': 556860, 'comments': 22515}, {'video_id': 'GpQSUjNsNm0', 'title': '7 Days Stranded in The Arctic', 'published_at': '2026-05-30T16:00:02Z', 'duration': 'PT32M15S', 'views': 129278141, 'likes': 2742390, 'comments': 103684}, {'video_id': 'y1UVAtHALaA', 'title': 'I Surprised a Random Subscriber With $10,000', 'published_at': '2026-05-29T16:00:07Z', 'duration': 'PT36S', 'views': 340797585, 'likes': 6958000, 'comments': 75682}, {'video_id': 'hYahU_Cqwp8', 'title': 'YouTube CEO Has A Surprise For Me', 'published_at': '2026-05-22T16:00:04Z', 'duration': 'PT33S', 'views': 567960608, 'likes': 6231089, 'comments': 54340}, {'video_id': 'SllXaJiQjBA', 'title': 'Every Youtube Play Button', 'published_at': '2026-05-19T16:00:02Z', 'duration': 'PT18S', 'views': 394978963, 'likes': 3089995, 'comments': 39621}, {'video_id': 'dqpCvSU-ECE', 'title': 'Can He Make This Shot?', 'published_at': '2026-05-17T16:00:00Z', 'duration': 'PT13S', 'views': 451929074, 'likes': 3158505, 'comments': 27655}, {'video_id': 'AaMdXZMvT3w', 'title': 'Survive 30 Days On An Island With Your Ex, Win $250,000', 'published_at': '2026-05-16T16:00:01Z', 'duration': 'PT39M9S', 'views': 108350286, 'likes': 2043823, 'comments': 140502}, {'video_id': 'QAkEMtJpq3c', 'title': 'Hit The Button, Win $1,000', 'published_at': '2026-05-15T16:00:10Z', 'duration': 'PT22S', 'views': 657059844, 'likes': 3772922, 'comments': 91626}, {'video_id': 'hCuqh2NU2Yg', 'title': "World's Fastest Date", 'published_at': '2026-05-12T16:00:07Z', 'duration': 'PT32S', 'views': 499045726, 'likes': 6657071, 'comments': 24362}, {'video_id': 'B9LizOAAoLg', 'title': 'I’m Granting Wishes For My Subscribers', 'published_at': '2026-05-07T16:00:00Z', 'duration': 'PT17S', 'views': 703631869, 'likes': 6119848, 'comments': 1121623}, {'video_id': 'rqsRdfdN4uI', 'title': 'Guess The Animal', 'published_at': '2026-05-05T16:00:02Z', 'duration': 'PT47S', 'views': 856809647, 'likes': 7364505, 'comments': 21029}, {'video_id': 'feu5PQvoCiA', 'title': 'Asking My Fiancée on a Date', 'published_at': '2026-05-03T16:00:11Z', 'duration': 'PT9S', 'views': 20372299, 'likes': 511140, 'comments': 12664}, {'video_id': '6Zy5VLcEbZc', 'title': 'I Stranded 100 People In The Wilderness For $250,000', 'published_at': '2026-05-02T16:00:01Z', 'duration': 'PT37M', 'views': 171451282, 'likes': 2864611, 'comments': 1414026}, {'video_id': 'EdT5Z16Y5WE', 'title': 'Would Your Dog Pick $10,000 or Steak?', 'published_at': '2026-04-29T16:00:05Z', 'duration': 'PT32S', 'views': 95004129, 'likes': 1759603, 'comments': 13317}, {'video_id': 'ScjQAcbA9e4', 'title': 'Important Announcement From The Grocery Store', 'published_at': '2026-04-28T16:00:24Z', 'duration': 'PT13S', 'views': 23056714, 'likes': 663742, 'comments': 17181}, {'video_id': 'hRBpDdWbUpI', 'title': 'Can My Fiancée Lift Me?', 'published_at': '2026-04-27T19:01:02Z', 'duration': 'PT17S', 'views': 24787587, 'likes': 528318, 'comments': 10330}, {'video_id': 'pzxtGL9kzPs', 'title': 'Try Not To Get Slimed', 'published_at': '2026-04-24T16:00:00Z', 'duration': 'PT32S', 'views': 172611287, 'likes': 1736537, 'comments': 14624}, {'video_id': 'yy-Nt0dRhNI', 'title': 'Winner Picks Our Honeymoon', 'published_at': '2026-04-21T16:00:02Z', 'duration': 'PT52S', 'views': 206845865, 'likes': 3006830, 'comments': 22431}, {'video_id': 'zRtGL0-5rg4', 'title': 'Last To Leave Grocery Store, Wins $250,000', 'published_at': '2026-04-18T16:00:01Z', 'duration': 'PT42M57S', 'views': 194978685, 'likes': 3438041, 'comments': 174072}, {'video_id': 'mFWpUx3FiyU', 'title': 'Guess The Animal', 'published_at': '2026-04-17T16:00:01Z', 'duration': 'PT45S', 'views': 261428756, 'likes': 3662785, 'comments': 14916}, {'video_id': '6W_841xoprg', 'title': 'Can a Window Stop a Wrecking Ball?', 'published_at': '2026-04-14T16:00:01Z', 'duration': 'PT30S', 'views': 121230584, 'likes': 2227707, 'comments': 12541}, {'video_id': 'VIJLIo5yT1I', 'title': 'Don’t Eat The Spicy Yoshi Egg', 'published_at': '2026-04-10T16:00:00Z', 'duration': 'PT56S', 'views': 178284622, 'likes': 2910928, 'comments': 14630}, {'video_id': 'uNu6XEPTy5g', 'title': '$1 or Mystery Vial?', 'published_at': '2026-04-07T16:00:04Z', 'duration': 'PT35S', 'views': 66420127, 'likes': 1814988, 'comments': 16101}, {'video_id': 'DXVHmGoCTco', 'title': '50 Streamers Fight for $1,000,000', 'published_at': '2026-04-04T16:00:01Z', 'duration': 'PT49M31S', 'views': 124104892, 'likes': 2725522, 'comments': 174029}, {'video_id': '_JUlWtSCNbs', 'title': "Who's The Strongest Streamer?", 'published_at': '2026-04-03T16:00:06Z', 'duration': 'PT26S', 'views': 979234678, 'likes': 10318301, 'comments': 24085}, {'video_id': 'AKC50SZQFN8', 'title': 'Spreading Rumors About Streamers', 'published_at': '2026-04-02T16:00:00Z', 'duration': 'PT36S', 'views': 19229779, 'likes': 498663, 'comments': 8207}, {'video_id': '897gvApD6V4', 'title': 'Will a Zebra Subscribe to me?', 'published_at': '2026-04-01T16:00:01Z', 'duration': 'PT8S', 'views': 802191278, 'likes': 3833658, 'comments': 24622}, {'video_id': 'Z9NxQdQ8Rpg', 'title': 'Bring Me A Glass Of Water = Win $10,000', 'published_at': '2026-03-26T19:00:02Z', 'duration': 'PT41S', 'views': 54979462, 'likes': 1455493, 'comments': 16268}, {'video_id': 'JFtlf8RoPZY', 'title': 'Trapped On An Island Until I Build A Boat', 'published_at': '2026-03-21T16:00:00Z', 'duration': 'PT30M13S', 'views': 166208047, 'likes': 3107985, 'comments': 121297}, {'video_id': 'jCE1Ol3PYDs', 'title': 'I Hid $1,000,000 In This Vault', 'published_at': '2026-03-20T16:00:03Z', 'duration': 'PT58S', 'views': 143210436, 'likes': 2710134, 'comments': 22746}, {'video_id': 'IqL-ZunFfpk', 'title': 'Pop The Balloons, Win $10,000', 'published_at': '2026-03-17T16:00:04Z', 'duration': 'PT22S', 'views': 130481809, 'likes': 2402605, 'comments': 14864}, {'video_id': 'purAsH7pXTQ', 'title': '5 Strangers Split $100,000', 'published_at': '2026-03-13T16:00:00Z', 'duration': 'PT1M4S', 'views': 108777155, 'likes': 2731604, 'comments': 23287}, {'video_id': 'IEuDUhGIJ5c', 'title': 'My Chocolate Factory Blew Up', 'published_at': '2026-03-10T16:00:01Z', 'duration': 'PT1M10S', 'views': 20932590, 'likes': 1010695, 'comments': 20438}, {'video_id': 'AoN1K4c7VKE', 'title': 'Survive 30 Days Stranded With Your Ex, Win $250,000', 'published_at': '2026-03-07T17:00:02Z', 'duration': 'PT30M4S', 'views': 137622399, 'likes': 2555741, 'comments': 152743}, {'video_id': 'IcuJ3vO_t3k', 'title': 'Would You Steal Money From A Stranger?', 'published_at': '2026-03-06T18:00:01Z', 'duration': 'PT27S', 'views': 126152594, 'likes': 2780706, 'comments': 12521}, {'video_id': 'c9VS_cgInT4', 'title': 'Subscribe, I’ll Double Your Bank Account', 'published_at': '2026-02-28T20:00:03Z', 'duration': 'PT31S', 'views': 382165199, 'likes': 3400657, 'comments': 28308}, {'video_id': 'KaUuPNYHFNg', 'title': 'I Built a School in Mexico', 'published_at': '2026-02-22T17:00:00Z', 'duration': 'PT40S', 'views': 32180013, 'likes': 1139674, 'comments': 17397}, {'video_id': '5OLs1GWB4OA', 'title': 'I Built 10 Schools Around The World', 'published_at': '2026-02-21T17:00:07Z', 'duration': 'PT16M5S', 'views': 81450846, 'likes': 2483569, 'comments': 97746}, {'video_id': 'hjkbqeWQAM8', 'title': 'Every Step You Take, Win $1,000', 'published_at': '2026-02-18T20:00:03Z', 'duration': 'PT42S', 'views': 167799508, 'likes': 2035079, 'comments': 9957}, {'video_id': 'XbaZ45LVzzM', 'title': 'Surprising My Fiancée With A Chocolate Heart', 'published_at': '2026-02-12T17:00:01Z', 'duration': 'PT37S', 'views': 135622774, 'likes': 2914321, 'comments': 19486}, {'video_id': 'gar4U3n-ILY', 'title': 'Guess What Age Punched You', 'published_at': '2026-02-09T17:00:00Z', 'duration': 'PT37S', 'views': 499310119, 'likes': 6221060, 'comments': 36429}, {'video_id': '9WEQts7b8Pw', 'title': 'Ages 1 - 100 Race For $250,000!', 'published_at': '2026-02-07T17:00:01Z', 'duration': 'PT23M31S', 'views': 160439345, 'likes': 1864327, 'comments': 89688}, {'video_id': 'toIeUtplfWQ', 'title': 'Is Being Smart or Strong Better?', 'published_at': '2026-02-06T20:00:08Z', 'duration': 'PT40S', 'views': 189398763, 'likes': 3148526, 'comments': 11799}, {'video_id': '_sBRk9ADpK8', 'title': 'Flip a Coin, Win $30,000', 'published_at': '2026-01-27T17:00:03Z', 'duration': 'PT47S', 'views': 1187887595, 'likes': 9509454, 'comments': 41692}, {'video_id': 'kNLr-cduzuo', 'title': 'Wait... Was He Famous?', 'published_at': '2026-01-25T20:00:01Z', 'duration': 'PT14S', 'views': 210339290, 'likes': 4383136, 'comments': 36505}, {'video_id': 'pAnGwRiQ4-4', 'title': '$1 vs $1,000,000,000 Futuristic Tech!', 'published_at': '2026-01-24T17:00:01Z', 'duration': 'PT23M4S', 'views': 183338482, 'likes': 3330974, 'comments': 92527}, {'video_id': 'wSh8fAFWEWs', 'title': 'Survivor vs Beast Games', 'published_at': '2026-01-16T19:00:01Z', 'duration': 'PT28S', 'views': 39908927, 'likes': 921349, 'comments': 14599}, {'video_id': '3GNyw4uaAqU', 'title': 'Subscribe for an iPhone', 'published_at': '2026-01-13T19:00:04Z', 'duration': 'PT15S', 'views': 1225439138, 'likes': 6852521, 'comments': 183417}, {'video_id': 'ywIcdSNJolo', 'title': 'Pass the Phone', 'published_at': '2026-01-09T19:00:05Z', 'duration': 'PT23S', 'views': 126027089, 'likes': 2281292, 'comments': 14454}, {'video_id': 'QJI0an6irrA', 'title': '30 Celebrities Fight For $1,000,000!', 'published_at': '2026-01-07T20:00:09Z', 'duration': 'PT41M39S', 'views': 138204463, 'likes': 2713209, 'comments': 119633}, {'video_id': 'mktYW177p6U', 'title': 'Guess the Animal', 'published_at': '2026-01-06T17:00:02Z', 'duration': 'PT53S', 'views': 587343868, 'likes': 7043704, 'comments': 22379}, {'video_id': '7aE4EhHXzlA', 'title': 'I Paid Everyone Stuck in Traffic', 'published_at': '2025-12-26T17:00:05Z', 'duration': 'PT27S', 'views': 104043082, 'likes': 2875538, 'comments': 41962}, {'video_id': 'IJkB-oapuks', 'title': 'Giving Away $1,000,000 in Gifts To My Subscribers', 'published_at': '2025-12-21T17:00:01Z', 'duration': 'PT19S', 'views': 1222807785, 'likes': 8477405, 'comments': 192330}, {'video_id': 'ZFoNBxpXen4', 'title': 'Survive 30 Days Trapped In The Sky, Win $250,000', 'published_at': '2025-12-20T17:00:01Z', 'duration': 'PT37M26S', 'views': 218689924, 'likes': 3195332, 'comments': 115995}, {'video_id': 'RB71Z-vVvCc', 'title': 'Find The Real Celebrity, Win $10,000', 'published_at': '2025-12-19T17:00:02Z', 'duration': 'PT33S', 'views': 281598202, 'likes': 4887108, 'comments': 16425}, {'video_id': 'fO5FwBcCJBY', 'title': 'Would You Date Him for $10,000?', 'published_at': '2025-12-12T17:00:03Z', 'duration': 'PT33S', 'views': 192276808, 'likes': 4316560, 'comments': 27474}, {'video_id': 'U-x6KxH1kB4', 'title': 'How Many People to Pull a Plane?', 'published_at': '2025-12-06T19:55:52Z', 'duration': 'PT27S', 'views': 52864153, 'likes': 1033172, 'comments': 14678}, {'video_id': '8bMh8azh3CY', 'title': '100 Pilots Fight For A Private Jet', 'published_at': '2025-12-06T17:00:01Z', 'duration': 'PT28M46S', 'views': 166920671, 'likes': 2010520, 'comments': 74774}, {'video_id': 'SE9xF1l3ZwE', 'title': 'Hit The Target, Keep The Prize', 'published_at': '2025-12-05T17:00:03Z', 'duration': 'PT26S', 'views': 64347475, 'likes': 1382859, 'comments': 10817}, {'video_id': 'rF00lQ_upzg', 'title': 'Whatever You Hold Onto, You Keep', 'published_at': '2025-12-02T20:00:01Z', 'duration': 'PT26S', 'views': 101787906, 'likes': 1264697, 'comments': 14267}, {'video_id': 'uZY9xr-QAk0', 'title': 'Flip a Coin, I’ll Pay For Your College', 'published_at': '2025-11-28T17:00:01Z', 'duration': 'PT34S', 'views': 376298241, 'likes': 6577369, 'comments': 33022}, {'video_id': 'AWBsoArakNY', 'title': 'Who Has The Fastest Reaction Time?', 'published_at': '2025-11-25T17:00:00Z', 'duration': 'PT31S', 'views': 100099901, 'likes': 1971332, 'comments': 8892}, {'video_id': 'Ah_uuTwGOYU', 'title': "World's Strongest Man Vs Robot", 'published_at': '2025-11-22T17:00:01Z', 'duration': 'PT18M24S', 'views': 143203146, 'likes': 2204942, 'comments': 67983}, {'video_id': 'HISfrcjiNPM', 'title': 'I Surprised 50 Make-A-Wish Kids With Disneyland', 'published_at': '2025-11-21T19:40:01Z', 'duration': 'PT29S', 'views': 52290810, 'likes': 1124834, 'comments': 13737}, {'video_id': 'WROMyJAJmp4', 'title': 'Can I Beat An F1 Driver?', 'published_at': '2025-11-18T17:00:01Z', 'duration': 'PT11S', 'views': 470273803, 'likes': 3783729, 'comments': 15389}, {'video_id': 'tAwzBYE18Us', 'title': 'How I Became MrBeef', 'published_at': '2025-11-16T20:00:02Z', 'duration': 'PT46S', 'views': 45452387, 'likes': 1661338, 'comments': 20629}, {'video_id': 'LyFMbY-c_Lc', 'title': 'I Raced Noah Lyles', 'published_at': '2025-11-14T17:00:01Z', 'duration': 'PT32S', 'views': 496869358, 'likes': 5177523, 'comments': 12574}, {'video_id': '3RmOvxilbPM', 'title': '100 People Vs World’s Biggest Trap!', 'published_at': '2025-11-08T17:00:00Z', 'duration': 'PT30M43S', 'views': 134019793, 'likes': 2065053, 'comments': 85517}, {'video_id': 'R7MkZL5i3FQ', 'title': 'Giving Trick-or-Treaters Weirder and Weirder Gifts', 'published_at': '2025-11-07T17:00:05Z', 'duration': 'PT27S', 'views': 298765196, 'likes': 2472839, 'comments': 15021}, {'video_id': '26QQE7EsnLA', 'title': 'MrBeast Lab Disaster!', 'published_at': '2025-11-03T17:00:01Z', 'duration': 'PT1M7S', 'views': 42032907, 'likes': 1511538, 'comments': 17423}, {'video_id': 'PryTbmudhS8', 'title': "Can We Stop World's Best Tennis Player", 'published_at': '2025-10-31T16:00:02Z', 'duration': 'PT23S', 'views': 131335046, 'likes': 1795270, 'comments': 13132}, {'video_id': 'Oo9EbArcQ1c', 'title': 'I Saved 1,000 Animals From Dying', 'published_at': '2025-10-25T16:00:01Z', 'duration': 'PT17M36S', 'views': 239032711, 'likes': 3634477, 'comments': 63816}, {'video_id': 'yWEUL3crU_E', 'title': 'I Baked a Cake In a Race Car', 'published_at': '2025-10-21T16:00:01Z', 'duration': 'PT38S', 'views': 50692737, 'likes': 886975, 'comments': 8135}, {'video_id': 'JgJrQnDIRgg', 'title': 'First to Answer the Phone, Wins $10,000', 'published_at': '2025-10-17T16:00:00Z', 'duration': 'PT46S', 'views': 199082594, 'likes': 2930143, 'comments': 12311}, {'video_id': 'gtkqnhN0VkU', 'title': 'Answer The Door, Win $10,000', 'published_at': '2025-10-14T16:00:00Z', 'duration': 'PT31S', 'views': 130502689, 'likes': 3358278, 'comments': 80371}, {'video_id': 'oBXSvS2QKxU', 'title': "100 Kids Vs World's Strongest Man!", 'published_at': '2025-10-11T16:00:00Z', 'duration': 'PT27M21S', 'views': 196492620, 'likes': 2985474, 'comments': 54158}, {'video_id': 'UTdcX1e0cMA', 'title': 'Jump Over The Lava, Win!', 'published_at': '2025-10-10T16:00:01Z', 'duration': 'PT1M3S', 'views': 106577681, 'likes': 2632079, 'comments': 13960}, {'video_id': 'oiZvK6MY7tI', 'title': 'Call Your Ex, Win $10,000', 'published_at': '2025-10-07T16:00:00Z', 'duration': 'PT34S', 'views': 174311612, 'likes': 3868470, 'comments': 14424}, {'video_id': 'F0OkwXKcPSE', 'title': 'Hi Me In 10 Years', 'published_at': '2025-10-04T16:00:07Z', 'duration': 'PT3M14S', 'views': 68787888, 'likes': 3822845, 'comments': 117897}, {'video_id': '686PL7rt654', 'title': 'World’s Fastest Dinner Date', 'published_at': '2025-10-03T16:00:03Z', 'duration': 'PT34S', 'views': 436682040, 'likes': 5061016, 'comments': 19299}, {'video_id': 'zo7i8VTpfNM', 'title': 'How Much Would You Risk For $500,000?', 'published_at': '2025-09-27T16:00:04Z', 'duration': 'PT25M26S', 'views': 154306880, 'likes': 2394000, 'comments': 33074}, {'video_id': 'NfhuGUyWYfQ', 'title': 'Would Your Grandma Go Skydiving?', 'published_at': '2025-09-26T18:00:07Z', 'duration': 'PT42S', 'views': 102170603, 'likes': 2644459, 'comments': 9742}, {'video_id': 'wIpWCJKfRXs', 'title': 'I Cooked A Pizza With Power Tools', 'published_at': '2025-09-23T16:00:07Z', 'duration': 'PT40S', 'views': 953632643, 'likes': 14275082, 'comments': 76738}, {'video_id': '9Xeepzg1B8I', 'title': 'Which Celebrity Punches The Hardest?', 'published_at': '2025-09-19T16:00:03Z', 'duration': 'PT47S', 'views': 220264745, 'likes': 3915591, 'comments': 11704}, {'video_id': '50G0kIty7Cg', 'title': 'Answer The Call, Win $10,000', 'published_at': '2025-09-16T17:00:04Z', 'duration': 'PT39S', 'views': 1306639017, 'likes': 12400318, 'comments': 38935}, {'video_id': '4l97aNza_Zc', 'title': 'Survive 30 Days Chained To Your Ex, Win $250,000', 'published_at': '2025-09-13T16:00:01Z', 'duration': 'PT37M4S', 'views': 253597350, 'likes': 4309807, 'comments': 72396}, {'video_id': '3ih2bPKSWsQ', 'title': 'I Arrested IShowSpeed', 'published_at': '2025-09-12T17:00:01Z', 'duration': 'PT35S', 'views': 130371171, 'likes': 3088784, 'comments': 8814}, {'video_id': 'uA9Zcg3vHvo', 'title': 'I Raced IShowSpeed', 'published_at': '2025-09-01T20:45:41Z', 'duration': 'PT47S', 'views': 686278771, 'likes': 10394063, 'comments': 14018}, {'video_id': '_AbFXuGDRTs', 'title': '$1 vs $1,000,000,000 Nuclear Bunker!', 'published_at': '2025-08-30T16:00:11Z', 'duration': 'PT17M18S', 'views': 192554969, 'likes': 3074780, 'comments': 39620}, {'video_id': 'MOGW3v3pJ5Y', 'title': '1 Subscriber = 1 Penny Donated', 'published_at': '2025-08-29T16:00:10Z', 'duration': 'PT18S', 'views': 692695881, 'likes': 24216439, 'comments': 36215}, {'video_id': 'XNtTO_339kU', 'title': 'Pick The Wrong Tube, Get Slimed', 'published_at': '2025-08-27T16:00:02Z', 'duration': 'PT36S', 'views': 191884311, 'likes': 3752381, 'comments': 11117}, {'video_id': 'rB9NynBZ4go', 'title': 'Reaction Time Challenge', 'published_at': '2025-08-19T16:00:02Z', 'duration': 'PT29S', 'views': 205583378, 'likes': 2625850, 'comments': 11670}, {'video_id': 'TDv56whosPQ', 'title': 'Survive 100 Days In Prison, Win $500,000', 'published_at': '2025-08-16T19:00:02Z', 'duration': 'PT39M36S', 'views': 172649504, 'likes': 3233810, 'comments': 44017}, {'video_id': 'R_BmT1OJw98', 'title': 'Every YouTube Play Button I Have', 'published_at': '2025-08-15T16:00:01Z', 'duration': 'PT15S', 'views': 565302624, 'likes': 5642461, 'comments': 31971}, {'video_id': 'vpRW4JhzfSE', 'title': '1 Subscriber = 1 Second In The Arctic', 'published_at': '2025-08-08T16:00:02Z', 'duration': 'PT17S', 'views': 110531094, 'likes': 2958936, 'comments': 12816}, {'video_id': 'qXW93Cois2s', 'title': 'Guess What Hit You', 'published_at': '2025-08-05T16:00:01Z', 'duration': 'PT32S', 'views': 119341054, 'likes': 1760001, 'comments': 7304}, {'video_id': 'r7f0L48dHpc', 'title': '$1  = One Year of Clean Water', 'published_at': '2025-08-02T16:00:02Z', 'duration': 'PT32S', 'views': 203268635, 'likes': 5151550, 'comments': 22091}, {'video_id': 'Z4hVGCWH1Kc', 'title': '2,000,000 People Get Clean Water For The First Time!', 'published_at': '2025-08-01T16:00:01Z', 'duration': 'PT10M20S', 'views': 132330530, 'likes': 2459205, 'comments': 47346}, {'video_id': 'zxuICI0kL3s', 'title': 'Don’t Turn Around, Win $10k', 'published_at': '2025-07-31T16:00:01Z', 'duration': 'PT31S', 'views': 581611534, 'likes': 9040445, 'comments': 15207}, {'video_id': 'R1SFXJo-FlE', 'title': 'Subscribe To Explode The TNT', 'published_at': '2025-07-29T16:00:01Z', 'duration': 'PT19S', 'views': 406852248, 'likes': 5563424, 'comments': 15025}, {'video_id': 'lQz5aqjZ3lQ', 'title': 'Find This Briefcase, Win $10,000', 'published_at': '2025-07-25T16:00:02Z', 'duration': 'PT1M7S', 'views': 306972239, 'likes': 7081819, 'comments': 22035}, {'video_id': 'EiFcNbXBqeo', 'title': 'Jet Engine vs Human for $10k', 'published_at': '2025-07-20T16:00:01Z', 'duration': 'PT24S', 'views': 184979207, 'likes': 2664409, 'comments': 8040}, {'video_id': 'pzBi1nwDn8U', 'title': 'Survive 100 Days Trapped In A Private Jet, Keep It', 'published_at': '2025-07-19T16:00:01Z', 'duration': 'PT33M3S', 'views': 190757281, 'likes': 3779524, 'comments': 51638}, {'video_id': 'R7oW0LwS_e4', 'title': 'I Met Neymar', 'published_at': '2025-07-11T16:15:07Z', 'duration': 'PT10S', 'views': 130880138, 'likes': 2085758, 'comments': 17549}, {'video_id': 'BfKI_TQnQvo', 'title': 'I Raced A Cheetah', 'published_at': '2025-07-06T16:00:01Z', 'duration': 'PT20S', 'views': 185400078, 'likes': 3519162, 'comments': 15484}, {'video_id': 'FWAdfuPpLOc', 'title': "World's Fastest Car Vs Cheetah!", 'published_at': '2025-07-05T16:00:01Z', 'duration': 'PT20M37S', 'views': 255725160, 'likes': 3614997, 'comments': 48843}, {'video_id': 'NjlP2_l1Wr0', 'title': 'You Lose, You Get Shot', 'published_at': '2025-06-30T16:00:08Z', 'duration': 'PT36S', 'views': 115666413, 'likes': 1884013, 'comments': 6940}, {'video_id': 'gGcaGdHlt60', 'title': 'If You Spill, You Lose!', 'published_at': '2025-06-25T17:00:08Z', 'duration': 'PT19S', 'views': 575517256, 'likes': 4441755, 'comments': 9185}, {'video_id': 'pe_ejTiIcSs', 'title': 'Lose 100 LBs, Win $250,000!', 'published_at': '2025-06-21T16:00:01Z', 'duration': 'PT36M50S', 'views': 276876435, 'likes': 7117203, 'comments': 124278}, {'video_id': 'V6In4tmd-w8', 'title': '$1 vs $25,000 VFX', 'published_at': '2025-06-19T17:00:41Z', 'duration': 'PT23S', 'views': 115204886, 'likes': 2650174, 'comments': 14916}, {'video_id': 'ZGvn9ywXjpY', 'title': 'Feastables vs Reese’s Taste Test with @gordonramsay', 'published_at': '2025-06-10T16:00:02Z', 'duration': 'PT33S', 'views': 548254778, 'likes': 8489103, 'comments': 27184}, {'video_id': 'hTSaweR8qMI', 'title': '$1 vs $500,000 Date', 'published_at': '2025-06-07T16:00:00Z', 'duration': 'PT17M22S', 'views': 197575076, 'likes': 3670186, 'comments': 64198}, {'video_id': 'KCRLP-zBacU', 'title': 'Can I Teach a Penguin To Subscribe?', 'published_at': '2025-05-31T16:10:27Z', 'duration': 'PT9S', 'views': 924812861, 'likes': 8687561, 'comments': 22952}, {'video_id': 'c2ukL_zjFCk', 'title': 'Extreme Helmet Game', 'published_at': '2025-05-28T16:00:19Z', 'duration': 'PT32S', 'views': 227492913, 'likes': 3974671, 'comments': 8529}, {'video_id': 'DZIASl9q90s', 'title': 'Beat Neymar, Win $500,000', 'published_at': '2025-05-24T16:00:01Z', 'duration': 'PT27M53S', 'views': 205914932, 'likes': 3825674, 'comments': 85067}, {'video_id': '7qY-qalCI2Y', 'title': 'Grab The Rolex, Keep It!', 'published_at': '2025-05-21T15:59:50Z', 'duration': 'PT23S', 'views': 278204775, 'likes': 3705553, 'comments': 11450}, {'video_id': 'N0pwLtonPdg', 'title': 'Slippery vs Sticky Stairs', 'published_at': '2025-05-16T16:00:01Z', 'duration': 'PT36S', 'views': 975719873, 'likes': 10108132, 'comments': 36344}, {'video_id': '-4GmbBoYQjE', 'title': 'I Survived 100 Hours In An Ancient Temple', 'published_at': '2025-05-10T16:00:01Z', 'duration': 'PT15M46S', 'views': 143019012, 'likes': 3120810, 'comments': 78716}, {'video_id': '0yPgljFcTR4', 'title': 'Subscribe to Win $50,000', 'published_at': '2025-05-07T16:00:01Z', 'duration': 'PT15S', 'views': 95466033, 'likes': 4446439, 'comments': 172901}, {'video_id': 'TN1wErFGTzM', 'title': 'Find This Key, Win $10,000', 'published_at': '2025-05-05T16:00:00Z', 'duration': 'PT39S', 'views': 65353710, 'likes': 1892482, 'comments': 9366}, {'video_id': '3dxksf0CzS8', 'title': 'World’s Fastest Robbers', 'published_at': '2025-05-02T16:00:00Z', 'duration': 'PT32S', 'views': 368013653, 'likes': 6523499, 'comments': 16744}, {'video_id': 'x7yv72s8h0o', 'title': 'Would You Go On Vacation With A Stranger?', 'published_at': '2025-04-29T16:00:00Z', 'duration': 'PT1M3S', 'views': 505121267, 'likes': 10814033, 'comments': 34192}, {'video_id': 'uyiG6uw-6pA', 'title': 'Would You Risk Drowning for $500,000?', 'published_at': '2025-04-26T16:00:00Z', 'duration': 'PT25M46S', 'views': 218614493, 'likes': 3319192, 'comments': 43895}, {'video_id': 'M1STzb7k9L8', 'title': 'Extreme Helmet Game', 'published_at': '2025-04-25T16:15:00Z', 'duration': 'PT23S', 'views': 284430965, 'likes': 2627770, 'comments': 5672}, {'video_id': '7K-yxGWYsnk', 'title': '$10,000 Human Shuffleboard', 'published_at': '2025-04-22T16:30:14Z', 'duration': 'PT40S', 'views': 671183809, 'likes': 7170940, 'comments': 6433}, {'video_id': 'Tbn4cYCaZCk', 'title': 'Drift This Car, Win $10,000', 'published_at': '2025-04-16T17:00:15Z', 'duration': 'PT20S', 'views': 587153441, 'likes': 7304130, 'comments': 12357}]
[2026-09-16T15:45:11.520+0000] {taskinstance.py:441} INFO - ::group::Post task execution logs
[2026-09-16T15:45:11.605+0000] {taskinstance.py:1206} INFO - Marking task as SUCCESS. dag_id=json_dag, task_id=extract, run_id=manual__2026-09-16T15:43:15.681841+00:00, execution_date=20260916T154315, start_date=20260916T154317, end_date=20260916T154511
[2026-09-16T15:45:11.673+0000] {local_task_job_runner.py:240} INFO - Task exited with return code 0
[2026-09-16T15:45:11.703+0000] {taskinstance.py:3503} INFO - 1 downstream tasks scheduled from follow-on schedule check
[2026-09-16T15:45:11.706+0000] {local_task_job_runner.py:222} INFO - ::endgroup::
