[2026-09-17T13:56:57.641+0000] {local_task_job_runner.py:120} INFO - ::group::Pre task execution logs
[2026-09-17T13:56:57.679+0000] {taskinstance.py:2076} INFO - Dependencies all met for dep_context=non-requeueable deps ti=<TaskInstance: save_data.save_in_stage manual__2026-09-17T10:57:34.380817+00:00 [queued]>
[2026-09-17T13:56:57.699+0000] {taskinstance.py:2076} INFO - Dependencies all met for dep_context=requeueable deps ti=<TaskInstance: save_data.save_in_stage manual__2026-09-17T10:57:34.380817+00:00 [queued]>
[2026-09-17T13:56:57.702+0000] {taskinstance.py:2306} INFO - Starting attempt 1 of 1
[2026-09-17T13:56:57.723+0000] {taskinstance.py:2330} INFO - Executing <Task(_PythonDecoratedOperator): save_in_stage> on 2026-09-17 10:57:34.380817+00:00
[2026-09-17T13:56:57.733+0000] {standard_task_runner.py:63} INFO - Started process 1337 to run task
[2026-09-17T13:56:57.739+0000] {standard_task_runner.py:90} INFO - Running: ['airflow', 'tasks', 'run', 'save_data', 'save_in_stage', 'manual__2026-09-17T10:57:34.380817+00:00', '--job-id', '14', '--raw', '--subdir', 'DAGS_FOLDER/stoke_dag.py', '--cfg-path', '/tmp/tmp2tzb16ov']
[2026-09-17T13:56:57.741+0000] {standard_task_runner.py:91} INFO - Job 14: Subtask save_in_stage
[2026-09-17T13:56:57.830+0000] {task_command.py:426} INFO - Running <TaskInstance: save_data.save_in_stage manual__2026-09-17T10:57:34.380817+00:00 [running]> on host 016b70ca759a
[2026-09-17T13:56:57.981+0000] {taskinstance.py:2648} INFO - Exporting env vars: AIRFLOW_CTX_DAG_OWNER='airflow' AIRFLOW_CTX_DAG_ID='save_data' AIRFLOW_CTX_TASK_ID='save_in_stage' AIRFLOW_CTX_EXECUTION_DATE='2026-09-17T10:57:34.380817+00:00' AIRFLOW_CTX_TRY_NUMBER='1' AIRFLOW_CTX_DAG_RUN_ID='manual__2026-09-17T10:57:34.380817+00:00'
[2026-09-17T13:56:57.983+0000] {taskinstance.py:430} INFO - ::endgroup::
[2026-09-17T13:56:59.262+0000] {taskinstance.py:441} INFO - ::group::Post task execution logs
[2026-09-17T13:56:59.263+0000] {taskinstance.py:2905} ERROR - Task failed with exception
Traceback (most recent call last):
  File "/home/airflow/.local/lib/python3.10/site-packages/sqlalchemy/engine/base.py", line 1910, in _execute_context
    self.dialect.do_execute(
  File "/home/airflow/.local/lib/python3.10/site-packages/sqlalchemy/engine/default.py", line 736, in do_execute
    cursor.execute(statement, parameters)
psycopg2.errors.UniqueViolation: duplicate key value violates unique constraint "stage_pkey"
DETAIL:  Key (video_id)=(gTKS8SAwUzE) already exists.


The above exception was the direct cause of the following exception:

Traceback (most recent call last):
  File "/home/airflow/.local/lib/python3.10/site-packages/airflow/models/taskinstance.py", line 465, in _execute_task
    result = _execute_callable(context=context, **execute_callable_kwargs)
  File "/home/airflow/.local/lib/python3.10/site-packages/airflow/models/taskinstance.py", line 432, in _execute_callable
    return execute_callable(context=context, **execute_callable_kwargs)
  File "/home/airflow/.local/lib/python3.10/site-packages/airflow/models/baseoperator.py", line 401, in wrapper
    return func(self, *args, **kwargs)
  File "/home/airflow/.local/lib/python3.10/site-packages/airflow/decorators/base.py", line 265, in execute
    return_value = super().execute(context)
  File "/home/airflow/.local/lib/python3.10/site-packages/airflow/models/baseoperator.py", line 401, in wrapper
    return func(self, *args, **kwargs)
  File "/home/airflow/.local/lib/python3.10/site-packages/airflow/operators/python.py", line 235, in execute
    return_value = self.execute_callable()
  File "/home/airflow/.local/lib/python3.10/site-packages/airflow/operators/python.py", line 252, in execute_callable
    return self.python_callable(*self.op_args, **self.op_kwargs)
  File "/opt/airflow/dags/stoke_dag.py", line 30, in save_in_stage
    hl.save_in_stage_db(videos)
  File "/opt/airflow/src/helper/save.py", line 26, in save_in_stage_db
    session.merge(Stage(**video))
  File "/home/airflow/.local/lib/python3.10/site-packages/sqlalchemy/orm/session.py", line 3050, in merge
    self._autoflush()
  File "/home/airflow/.local/lib/python3.10/site-packages/sqlalchemy/orm/session.py", line 2264, in _autoflush
    util.raise_(e, with_traceback=sys.exc_info()[2])
  File "/home/airflow/.local/lib/python3.10/site-packages/sqlalchemy/util/compat.py", line 211, in raise_
    raise exception
  File "/home/airflow/.local/lib/python3.10/site-packages/sqlalchemy/orm/session.py", line 2253, in _autoflush
    self.flush()
  File "/home/airflow/.local/lib/python3.10/site-packages/sqlalchemy/orm/session.py", line 3449, in flush
    self._flush(objects)
  File "/home/airflow/.local/lib/python3.10/site-packages/sqlalchemy/orm/session.py", line 3588, in _flush
    with util.safe_reraise():
  File "/home/airflow/.local/lib/python3.10/site-packages/sqlalchemy/util/langhelpers.py", line 70, in __exit__
    compat.raise_(
  File "/home/airflow/.local/lib/python3.10/site-packages/sqlalchemy/util/compat.py", line 211, in raise_
    raise exception
  File "/home/airflow/.local/lib/python3.10/site-packages/sqlalchemy/orm/session.py", line 3549, in _flush
    flush_context.execute()
  File "/home/airflow/.local/lib/python3.10/site-packages/sqlalchemy/orm/unitofwork.py", line 456, in execute
    rec.execute(self)
  File "/home/airflow/.local/lib/python3.10/site-packages/sqlalchemy/orm/unitofwork.py", line 630, in execute
    util.preloaded.orm_persistence.save_obj(
  File "/home/airflow/.local/lib/python3.10/site-packages/sqlalchemy/orm/persistence.py", line 245, in save_obj
    _emit_insert_statements(
  File "/home/airflow/.local/lib/python3.10/site-packages/sqlalchemy/orm/persistence.py", line 1097, in _emit_insert_statements
    c = connection._execute_20(
  File "/home/airflow/.local/lib/python3.10/site-packages/sqlalchemy/engine/base.py", line 1710, in _execute_20
    return meth(self, args_10style, kwargs_10style, execution_options)
  File "/home/airflow/.local/lib/python3.10/site-packages/sqlalchemy/sql/elements.py", line 334, in _execute_on_connection
    return connection._execute_clauseelement(
  File "/home/airflow/.local/lib/python3.10/site-packages/sqlalchemy/engine/base.py", line 1577, in _execute_clauseelement
    ret = self._execute_context(
  File "/home/airflow/.local/lib/python3.10/site-packages/sqlalchemy/engine/base.py", line 1953, in _execute_context
    self._handle_dbapi_exception(
  File "/home/airflow/.local/lib/python3.10/site-packages/sqlalchemy/engine/base.py", line 2134, in _handle_dbapi_exception
    util.raise_(
  File "/home/airflow/.local/lib/python3.10/site-packages/sqlalchemy/util/compat.py", line 211, in raise_
    raise exception
  File "/home/airflow/.local/lib/python3.10/site-packages/sqlalchemy/engine/base.py", line 1910, in _execute_context
    self.dialect.do_execute(
  File "/home/airflow/.local/lib/python3.10/site-packages/sqlalchemy/engine/default.py", line 736, in do_execute
    cursor.execute(statement, parameters)
sqlalchemy.exc.IntegrityError: (raised as a result of Query-invoked autoflush; consider using a session.no_autoflush block if this flush is occurring prematurely)
(psycopg2.errors.UniqueViolation) duplicate key value violates unique constraint "stage_pkey"
DETAIL:  Key (video_id)=(gTKS8SAwUzE) already exists.

[SQL: INSERT INTO stage (video_id, title, published_at, duration, views, likes, comments) VALUES (%(video_id)s, %(title)s, %(published_at)s, %(duration)s, %(views)s, %(likes)s, %(comments)s)]
[parameters: {'video_id': 'gTKS8SAwUzE', 'title': 'I Survived The Most Extreme Places On Earth', 'published_at': '2026-09-05T16:00:01Z', 'duration': 'PT23M28S', 'views': 101309473, 'likes': 1316818, 'comments': 64927}]
(Background on this error at: https://sqlalche.me/e/14/gkpj)
[2026-09-17T13:56:59.316+0000] {taskinstance.py:1206} INFO - Marking task as FAILED. dag_id=save_data, task_id=save_in_stage, run_id=manual__2026-09-17T10:57:34.380817+00:00, execution_date=20260917T105734, start_date=20260917T135657, end_date=20260917T135659
[2026-09-17T13:56:59.333+0000] {standard_task_runner.py:110} ERROR - Failed to execute job 14 for task save_in_stage ((raised as a result of Query-invoked autoflush; consider using a session.no_autoflush block if this flush is occurring prematurely)
(psycopg2.errors.UniqueViolation) duplicate key value violates unique constraint "stage_pkey"
DETAIL:  Key (video_id)=(gTKS8SAwUzE) already exists.

[SQL: INSERT INTO stage (video_id, title, published_at, duration, views, likes, comments) VALUES (%(video_id)s, %(title)s, %(published_at)s, %(duration)s, %(views)s, %(likes)s, %(comments)s)]
[parameters: {'video_id': 'gTKS8SAwUzE', 'title': 'I Survived The Most Extreme Places On Earth', 'published_at': '2026-09-05T16:00:01Z', 'duration': 'PT23M28S', 'views': 101309473, 'likes': 1316818, 'comments': 64927}]
(Background on this error at: https://sqlalche.me/e/14/gkpj); 1337)
[2026-09-17T13:56:59.359+0000] {local_task_job_runner.py:240} INFO - Task exited with return code 1
[2026-09-17T13:56:59.394+0000] {taskinstance.py:3503} INFO - 0 downstream tasks scheduled from follow-on schedule check
[2026-09-17T13:56:59.403+0000] {local_task_job_runner.py:222} INFO - ::endgroup::
