[2026-09-17T13:39:37.502+0000] {local_task_job_runner.py:120} INFO - ::group::Pre task execution logs
[2026-09-17T13:39:37.547+0000] {taskinstance.py:2076} INFO - Dependencies all met for dep_context=non-requeueable deps ti=<TaskInstance: json_dag.trigger_stoke_dag manual__2026-09-17T13:38:10.817351+00:00 [queued]>
[2026-09-17T13:39:37.565+0000] {taskinstance.py:2076} INFO - Dependencies all met for dep_context=requeueable deps ti=<TaskInstance: json_dag.trigger_stoke_dag manual__2026-09-17T13:38:10.817351+00:00 [queued]>
[2026-09-17T13:39:37.568+0000] {taskinstance.py:2306} INFO - Starting attempt 1 of 1
[2026-09-17T13:39:37.589+0000] {taskinstance.py:2330} INFO - Executing <Task(TriggerDagRunOperator): trigger_stoke_dag> on 2026-09-17 13:38:10.817351+00:00
[2026-09-17T13:39:37.594+0000] {standard_task_runner.py:63} INFO - Started process 1100 to run task
[2026-09-17T13:39:37.599+0000] {standard_task_runner.py:90} INFO - Running: ['airflow', 'tasks', 'run', 'json_dag', 'trigger_stoke_dag', 'manual__2026-09-17T13:38:10.817351+00:00', '--job-id', '10', '--raw', '--subdir', 'DAGS_FOLDER/json_dag.py', '--cfg-path', '/tmp/tmpw3gpqi2u']
[2026-09-17T13:39:37.602+0000] {standard_task_runner.py:91} INFO - Job 10: Subtask trigger_stoke_dag
[2026-09-17T13:39:37.657+0000] {task_command.py:426} INFO - Running <TaskInstance: json_dag.trigger_stoke_dag manual__2026-09-17T13:38:10.817351+00:00 [running]> on host 016b70ca759a
[2026-09-17T13:39:37.755+0000] {taskinstance.py:2648} INFO - Exporting env vars: AIRFLOW_CTX_DAG_OWNER='airflow' AIRFLOW_CTX_DAG_ID='json_dag' AIRFLOW_CTX_TASK_ID='trigger_stoke_dag' AIRFLOW_CTX_EXECUTION_DATE='2026-09-17T13:38:10.817351+00:00' AIRFLOW_CTX_TRY_NUMBER='1' AIRFLOW_CTX_DAG_RUN_ID='manual__2026-09-17T13:38:10.817351+00:00'
[2026-09-17T13:39:37.758+0000] {taskinstance.py:430} INFO - ::endgroup::
[2026-09-17T13:39:37.842+0000] {trigger_dagrun.py:222} INFO - Waiting for save_data on 2026-09-17 13:39:37.758830+00:00 to become allowed state ['success'] ...
[2026-09-17T13:40:37.905+0000] {trigger_dagrun.py:222} INFO - Waiting for save_data on 2026-09-17 13:39:37.758830+00:00 to become allowed state ['success'] ...
[2026-09-17T13:41:37.935+0000] {trigger_dagrun.py:222} INFO - Waiting for save_data on 2026-09-17 13:39:37.758830+00:00 to become allowed state ['success'] ...
[2026-09-17T13:42:37.998+0000] {trigger_dagrun.py:222} INFO - Waiting for save_data on 2026-09-17 13:39:37.758830+00:00 to become allowed state ['success'] ...
[2026-09-17T13:43:38.034+0000] {trigger_dagrun.py:222} INFO - Waiting for save_data on 2026-09-17 13:39:37.758830+00:00 to become allowed state ['success'] ...
[2026-09-17T13:44:38.065+0000] {trigger_dagrun.py:222} INFO - Waiting for save_data on 2026-09-17 13:39:37.758830+00:00 to become allowed state ['success'] ...
[2026-09-17T13:45:38.127+0000] {trigger_dagrun.py:222} INFO - Waiting for save_data on 2026-09-17 13:39:37.758830+00:00 to become allowed state ['success'] ...
[2026-09-17T13:46:38.178+0000] {trigger_dagrun.py:222} INFO - Waiting for save_data on 2026-09-17 13:39:37.758830+00:00 to become allowed state ['success'] ...
[2026-09-17T13:47:38.222+0000] {trigger_dagrun.py:222} INFO - Waiting for save_data on 2026-09-17 13:39:37.758830+00:00 to become allowed state ['success'] ...
