[2026-09-17T09:16:59.570+0000] {local_task_job_runner.py:120} INFO - ::group::Pre task execution logs
[2026-09-17T09:16:59.588+0000] {taskinstance.py:2076} INFO - Dependencies all met for dep_context=non-requeueable deps ti=<TaskInstance: json_dag.trigger_stoke_dag scheduled__2026-09-17T08:58:00+00:00 [queued]>
[2026-09-17T09:16:59.597+0000] {taskinstance.py:2076} INFO - Dependencies all met for dep_context=requeueable deps ti=<TaskInstance: json_dag.trigger_stoke_dag scheduled__2026-09-17T08:58:00+00:00 [queued]>
[2026-09-17T09:16:59.598+0000] {taskinstance.py:2306} INFO - Starting attempt 1 of 1
[2026-09-17T09:16:59.611+0000] {taskinstance.py:2330} INFO - Executing <Task(TriggerDagRunOperator): trigger_stoke_dag> on 2026-09-17 08:58:00+00:00
[2026-09-17T09:16:59.616+0000] {standard_task_runner.py:63} INFO - Started process 117 to run task
[2026-09-17T09:16:59.620+0000] {standard_task_runner.py:90} INFO - Running: ['airflow', 'tasks', 'run', 'json_dag', 'trigger_stoke_dag', 'scheduled__2026-09-17T08:58:00+00:00', '--job-id', '38', '--raw', '--subdir', 'DAGS_FOLDER/json_dag.py', '--cfg-path', '/tmp/tmpdapr_ntq']
[2026-09-17T09:16:59.623+0000] {standard_task_runner.py:91} INFO - Job 38: Subtask trigger_stoke_dag
[2026-09-17T09:16:59.683+0000] {task_command.py:426} INFO - Running <TaskInstance: json_dag.trigger_stoke_dag scheduled__2026-09-17T08:58:00+00:00 [running]> on host 5c1b3b777c76
[2026-09-17T09:16:59.802+0000] {taskinstance.py:2648} INFO - Exporting env vars: AIRFLOW_CTX_DAG_OWNER='airflow' AIRFLOW_CTX_DAG_ID='json_dag' AIRFLOW_CTX_TASK_ID='trigger_stoke_dag' AIRFLOW_CTX_EXECUTION_DATE='2026-09-17T08:58:00+00:00' AIRFLOW_CTX_TRY_NUMBER='1' AIRFLOW_CTX_DAG_RUN_ID='scheduled__2026-09-17T08:58:00+00:00'
[2026-09-17T09:16:59.804+0000] {taskinstance.py:430} INFO - ::endgroup::
[2026-09-17T09:16:59.879+0000] {trigger_dagrun.py:222} INFO - Waiting for save_data on 2026-09-17 09:16:59.804954+00:00 to become allowed state ['success'] ...
[2026-09-17T09:17:59.919+0000] {trigger_dagrun.py:235} INFO - save_data finished with allowed state success
[2026-09-17T09:17:59.920+0000] {taskinstance.py:441} INFO - ::group::Post task execution logs
[2026-09-17T09:17:59.930+0000] {taskinstance.py:1206} INFO - Marking task as SUCCESS. dag_id=json_dag, task_id=trigger_stoke_dag, run_id=scheduled__2026-09-17T08:58:00+00:00, execution_date=20260917T085800, start_date=20260917T091659, end_date=20260917T091759
[2026-09-17T09:17:59.984+0000] {local_task_job_runner.py:240} INFO - Task exited with return code 0
[2026-09-17T09:17:59.998+0000] {taskinstance.py:3503} INFO - 0 downstream tasks scheduled from follow-on schedule check
[2026-09-17T09:18:00.002+0000] {local_task_job_runner.py:222} INFO - ::endgroup::
[2026-09-17T10:57:34.184+0000] {local_task_job_runner.py:120} INFO - ::group::Pre task execution logs
[2026-09-17T10:57:34.203+0000] {taskinstance.py:2076} INFO - Dependencies all met for dep_context=non-requeueable deps ti=<TaskInstance: json_dag.trigger_stoke_dag scheduled__2026-09-17T08:58:00+00:00 [queued]>
[2026-09-17T10:57:34.210+0000] {taskinstance.py:2076} INFO - Dependencies all met for dep_context=requeueable deps ti=<TaskInstance: json_dag.trigger_stoke_dag scheduled__2026-09-17T08:58:00+00:00 [queued]>
[2026-09-17T10:57:34.211+0000] {taskinstance.py:2306} INFO - Starting attempt 1 of 1
[2026-09-17T10:57:34.223+0000] {taskinstance.py:2330} INFO - Executing <Task(TriggerDagRunOperator): trigger_stoke_dag> on 2026-09-17 08:58:00+00:00
[2026-09-17T10:57:34.229+0000] {standard_task_runner.py:63} INFO - Started process 257 to run task
[2026-09-17T10:57:34.233+0000] {standard_task_runner.py:90} INFO - Running: ['airflow', 'tasks', 'run', 'json_dag', 'trigger_stoke_dag', 'scheduled__2026-09-17T08:58:00+00:00', '--job-id', '5', '--raw', '--subdir', 'DAGS_FOLDER/json_dag.py', '--cfg-path', '/tmp/tmpjig81eik']
[2026-09-17T10:57:34.237+0000] {standard_task_runner.py:91} INFO - Job 5: Subtask trigger_stoke_dag
[2026-09-17T10:57:34.295+0000] {task_command.py:426} INFO - Running <TaskInstance: json_dag.trigger_stoke_dag scheduled__2026-09-17T08:58:00+00:00 [running]> on host 016b70ca759a
[2026-09-17T10:57:34.378+0000] {taskinstance.py:2648} INFO - Exporting env vars: AIRFLOW_CTX_DAG_OWNER='airflow' AIRFLOW_CTX_DAG_ID='json_dag' AIRFLOW_CTX_TASK_ID='trigger_stoke_dag' AIRFLOW_CTX_EXECUTION_DATE='2026-09-17T08:58:00+00:00' AIRFLOW_CTX_TRY_NUMBER='1' AIRFLOW_CTX_DAG_RUN_ID='scheduled__2026-09-17T08:58:00+00:00'
[2026-09-17T10:57:34.380+0000] {taskinstance.py:430} INFO - ::endgroup::
[2026-09-17T10:57:34.456+0000] {trigger_dagrun.py:222} INFO - Waiting for save_data on 2026-09-17 10:57:34.380817+00:00 to become allowed state ['success'] ...
[2026-09-17T10:58:34.521+0000] {trigger_dagrun.py:222} INFO - Waiting for save_data on 2026-09-17 10:57:34.380817+00:00 to become allowed state ['success'] ...
[2026-09-17T10:59:34.572+0000] {trigger_dagrun.py:222} INFO - Waiting for save_data on 2026-09-17 10:57:34.380817+00:00 to become allowed state ['success'] ...
[2026-09-17T11:00:34.636+0000] {trigger_dagrun.py:222} INFO - Waiting for save_data on 2026-09-17 10:57:34.380817+00:00 to become allowed state ['success'] ...
[2026-09-17T11:01:34.701+0000] {trigger_dagrun.py:222} INFO - Waiting for save_data on 2026-09-17 10:57:34.380817+00:00 to become allowed state ['success'] ...
[2026-09-17T11:02:34.708+0000] {trigger_dagrun.py:222} INFO - Waiting for save_data on 2026-09-17 10:57:34.380817+00:00 to become allowed state ['success'] ...
[2026-09-17T11:03:34.773+0000] {trigger_dagrun.py:222} INFO - Waiting for save_data on 2026-09-17 10:57:34.380817+00:00 to become allowed state ['success'] ...
[2026-09-17T11:04:34.842+0000] {trigger_dagrun.py:222} INFO - Waiting for save_data on 2026-09-17 10:57:34.380817+00:00 to become allowed state ['success'] ...
[2026-09-17T11:05:34.861+0000] {trigger_dagrun.py:222} INFO - Waiting for save_data on 2026-09-17 10:57:34.380817+00:00 to become allowed state ['success'] ...
[2026-09-17T11:06:34.917+0000] {trigger_dagrun.py:222} INFO - Waiting for save_data on 2026-09-17 10:57:34.380817+00:00 to become allowed state ['success'] ...
[2026-09-17T11:07:34.987+0000] {trigger_dagrun.py:222} INFO - Waiting for save_data on 2026-09-17 10:57:34.380817+00:00 to become allowed state ['success'] ...
[2026-09-17T11:08:35.007+0000] {trigger_dagrun.py:222} INFO - Waiting for save_data on 2026-09-17 10:57:34.380817+00:00 to become allowed state ['success'] ...
[2026-09-17T11:09:35.070+0000] {trigger_dagrun.py:222} INFO - Waiting for save_data on 2026-09-17 10:57:34.380817+00:00 to become allowed state ['success'] ...
[2026-09-17T11:10:35.128+0000] {trigger_dagrun.py:222} INFO - Waiting for save_data on 2026-09-17 10:57:34.380817+00:00 to become allowed state ['success'] ...
[2026-09-17T11:11:35.189+0000] {trigger_dagrun.py:222} INFO - Waiting for save_data on 2026-09-17 10:57:34.380817+00:00 to become allowed state ['success'] ...
[2026-09-17T11:12:35.208+0000] {trigger_dagrun.py:222} INFO - Waiting for save_data on 2026-09-17 10:57:34.380817+00:00 to become allowed state ['success'] ...
[2026-09-17T11:13:35.248+0000] {trigger_dagrun.py:222} INFO - Waiting for save_data on 2026-09-17 10:57:34.380817+00:00 to become allowed state ['success'] ...
[2026-09-17T11:14:35.293+0000] {trigger_dagrun.py:222} INFO - Waiting for save_data on 2026-09-17 10:57:34.380817+00:00 to become allowed state ['success'] ...
[2026-09-17T11:15:35.313+0000] {trigger_dagrun.py:222} INFO - Waiting for save_data on 2026-09-17 10:57:34.380817+00:00 to become allowed state ['success'] ...
[2026-09-17T11:16:35.357+0000] {trigger_dagrun.py:222} INFO - Waiting for save_data on 2026-09-17 10:57:34.380817+00:00 to become allowed state ['success'] ...
[2026-09-17T11:17:35.413+0000] {trigger_dagrun.py:222} INFO - Waiting for save_data on 2026-09-17 10:57:34.380817+00:00 to become allowed state ['success'] ...
[2026-09-17T11:18:35.483+0000] {trigger_dagrun.py:222} INFO - Waiting for save_data on 2026-09-17 10:57:34.380817+00:00 to become allowed state ['success'] ...
[2026-09-17T11:19:35.552+0000] {trigger_dagrun.py:222} INFO - Waiting for save_data on 2026-09-17 10:57:34.380817+00:00 to become allowed state ['success'] ...
[2026-09-17T11:20:35.621+0000] {trigger_dagrun.py:222} INFO - Waiting for save_data on 2026-09-17 10:57:34.380817+00:00 to become allowed state ['success'] ...
[2026-09-17T11:21:35.689+0000] {trigger_dagrun.py:222} INFO - Waiting for save_data on 2026-09-17 10:57:34.380817+00:00 to become allowed state ['success'] ...
[2026-09-17T11:22:35.719+0000] {trigger_dagrun.py:222} INFO - Waiting for save_data on 2026-09-17 10:57:34.380817+00:00 to become allowed state ['success'] ...
[2026-09-17T11:23:35.791+0000] {trigger_dagrun.py:222} INFO - Waiting for save_data on 2026-09-17 10:57:34.380817+00:00 to become allowed state ['success'] ...
[2026-09-17T11:24:35.819+0000] {trigger_dagrun.py:222} INFO - Waiting for save_data on 2026-09-17 10:57:34.380817+00:00 to become allowed state ['success'] ...
[2026-09-17T11:25:35.917+0000] {trigger_dagrun.py:222} INFO - Waiting for save_data on 2026-09-17 10:57:34.380817+00:00 to become allowed state ['success'] ...
[2026-09-17T13:03:27.250+0000] {local_task_job_runner.py:310} WARNING - State of this instance has been externally set to failed. Terminating instance.
[2026-09-17T13:03:27.279+0000] {local_task_job_runner.py:222} INFO - ::endgroup::
[2026-09-17T13:03:27.294+0000] {process_utils.py:132} INFO - Sending 15 to group 257. PIDs of all processes in the group: [257]
[2026-09-17T13:03:27.310+0000] {process_utils.py:87} INFO - Sending the signal 15 to group 257
[2026-09-17T13:03:27.313+0000] {taskinstance.py:2611} ERROR - Received SIGTERM. Terminating subprocesses.
[2026-09-17T13:03:27.315+0000] {taskinstance.py:441} INFO - ::group::Post task execution logs
[2026-09-17T13:03:27.547+0000] {process_utils.py:80} INFO - Process psutil.Process(pid=257, status='terminated', exitcode=0, started='10:57:33') (257) terminated with exit code 0
