[2026-09-16T15:46:01.569+0000] {local_task_job_runner.py:120} INFO - ::group::Pre task execution logs
[2026-09-16T15:46:01.607+0000] {taskinstance.py:2076} INFO - Dependencies all met for dep_context=non-requeueable deps ti=<TaskInstance: save_data.read_json manual__2026-09-16T15:45:59.648240+00:00 [queued]>
[2026-09-16T15:46:01.620+0000] {taskinstance.py:2076} INFO - Dependencies all met for dep_context=requeueable deps ti=<TaskInstance: save_data.read_json manual__2026-09-16T15:45:59.648240+00:00 [queued]>
[2026-09-16T15:46:01.621+0000] {taskinstance.py:2306} INFO - Starting attempt 1 of 1
[2026-09-16T15:46:01.640+0000] {taskinstance.py:2330} INFO - Executing <Task(_PythonDecoratedOperator): read_json> on 2026-09-16 15:45:59.648240+00:00
[2026-09-16T15:46:01.650+0000] {standard_task_runner.py:63} INFO - Started process 320 to run task
[2026-09-16T15:46:01.658+0000] {standard_task_runner.py:90} INFO - Running: ['airflow', 'tasks', 'run', 'save_data', 'read_json', 'manual__2026-09-16T15:45:59.648240+00:00', '--job-id', '33', '--raw', '--subdir', 'DAGS_FOLDER/stoke_dag.py', '--cfg-path', '/tmp/tmpqp3ojvd9']
[2026-09-16T15:46:01.661+0000] {standard_task_runner.py:91} INFO - Job 33: Subtask read_json
[2026-09-16T15:46:01.759+0000] {task_command.py:426} INFO - Running <TaskInstance: save_data.read_json manual__2026-09-16T15:45:59.648240+00:00 [running]> on host bde7cb56f656
[2026-09-16T15:46:01.909+0000] {taskinstance.py:2648} INFO - Exporting env vars: AIRFLOW_CTX_DAG_OWNER='airflow' AIRFLOW_CTX_DAG_ID='save_data' AIRFLOW_CTX_TASK_ID='read_json' AIRFLOW_CTX_EXECUTION_DATE='2026-09-16T15:45:59.648240+00:00' AIRFLOW_CTX_TRY_NUMBER='1' AIRFLOW_CTX_DAG_RUN_ID='manual__2026-09-16T15:45:59.648240+00:00'
[2026-09-16T15:46:01.912+0000] {taskinstance.py:430} INFO - ::endgroup::
[2026-09-16T15:46:01.917+0000] {taskinstance.py:441} INFO - ::group::Post task execution logs
[2026-09-16T15:46:01.918+0000] {taskinstance.py:2905} ERROR - Task failed with exception
Traceback (most recent call last):
  File "/home/airflow/.local/lib/python3.10/site-packages/airflow/models/taskinstance.py", line 465, in _execute_task
    result = _execute_callable(context=context, **execute_callable_kwargs)
  File "/home/airflow/.local/lib/python3.10/site-packages/airflow/models/taskinstance.py", line 432, in _execute_callable
    return execute_callable(context=context, **execute_callable_kwargs)
  File "/home/airflow/.local/lib/python3.10/site-packages/airflow/models/baseoperator.py", line 401, in wrapper
    return func(self, *args, **kwargs)
  File "/home/airflow/.local/lib/python3.10/site-packages/airflow/decorators/base.py", line 265, in execute
    return_value = super().execute(context)
  File "/home/airflow/.local/lib/python3.10/site-packages/airflow/models/baseoperator.py", line 401, in wrapper
    return func(self, *args, **kwargs)
  File "/home/airflow/.local/lib/python3.10/site-packages/airflow/operators/python.py", line 235, in execute
    return_value = self.execute_callable()
  File "/home/airflow/.local/lib/python3.10/site-packages/airflow/operators/python.py", line 252, in execute_callable
    return self.python_callable(*self.op_args, **self.op_kwargs)
  File "/opt/airflow/dags/stoke_dag.py", line 20, in read_json
    with path.open(encoding="utf-8") as file:
  File "/usr/local/lib/python3.10/pathlib.py", line 1119, in open
    return self._accessor.open(self, mode, buffering, encoding, errors,
FileNotFoundError: [Errno 2] No such file or directory: 'src/assets/2026-09-16.json'
[2026-09-16T15:46:01.937+0000] {taskinstance.py:1206} INFO - Marking task as FAILED. dag_id=save_data, task_id=read_json, run_id=manual__2026-09-16T15:45:59.648240+00:00, execution_date=20260916T154559, start_date=20260916T154601, end_date=20260916T154601
[2026-09-16T15:46:01.954+0000] {standard_task_runner.py:110} ERROR - Failed to execute job 33 for task read_json ([Errno 2] No such file or directory: 'src/assets/2026-09-16.json'; 320)
[2026-09-16T15:46:01.997+0000] {local_task_job_runner.py:240} INFO - Task exited with return code 1
[2026-09-16T15:46:02.025+0000] {taskinstance.py:3503} INFO - 0 downstream tasks scheduled from follow-on schedule check
[2026-09-16T15:46:02.035+0000] {local_task_job_runner.py:222} INFO - ::endgroup::
