[2026-09-16T16:27:58.008+0000] {local_task_job_runner.py:120} INFO - ::group::Pre task execution logs
[2026-09-16T16:27:58.033+0000] {taskinstance.py:2076} INFO - Dependencies all met for dep_context=non-requeueable deps ti=<TaskInstance: json_dag.trigger_stoke_dag manual__2026-09-16T16:27:08.882690+00:00 [queued]>
[2026-09-16T16:27:58.043+0000] {taskinstance.py:2076} INFO - Dependencies all met for dep_context=requeueable deps ti=<TaskInstance: json_dag.trigger_stoke_dag manual__2026-09-16T16:27:08.882690+00:00 [queued]>
[2026-09-16T16:27:58.046+0000] {taskinstance.py:2306} INFO - Starting attempt 1 of 1
[2026-09-16T16:27:58.061+0000] {taskinstance.py:2330} INFO - Executing <Task(TriggerDagRunOperator): trigger_stoke_dag> on 2026-09-16 16:27:08.882690+00:00
[2026-09-16T16:27:58.067+0000] {standard_task_runner.py:63} INFO - Started process 897 to run task
[2026-09-16T16:27:58.072+0000] {standard_task_runner.py:90} INFO - Running: ['airflow', 'tasks', 'run', 'json_dag', 'trigger_stoke_dag', 'manual__2026-09-16T16:27:08.882690+00:00', '--job-id', '44', '--raw', '--subdir', 'DAGS_FOLDER/json_dag.py', '--cfg-path', '/tmp/tmpcqq3wuj7']
[2026-09-16T16:27:58.075+0000] {standard_task_runner.py:91} INFO - Job 44: Subtask trigger_stoke_dag
[2026-09-16T16:27:58.135+0000] {task_command.py:426} INFO - Running <TaskInstance: json_dag.trigger_stoke_dag manual__2026-09-16T16:27:08.882690+00:00 [running]> on host bde7cb56f656
[2026-09-16T16:27:58.231+0000] {taskinstance.py:2648} INFO - Exporting env vars: AIRFLOW_CTX_DAG_OWNER='airflow' AIRFLOW_CTX_DAG_ID='json_dag' AIRFLOW_CTX_TASK_ID='trigger_stoke_dag' AIRFLOW_CTX_EXECUTION_DATE='2026-09-16T16:27:08.882690+00:00' AIRFLOW_CTX_TRY_NUMBER='1' AIRFLOW_CTX_DAG_RUN_ID='manual__2026-09-16T16:27:08.882690+00:00'
[2026-09-16T16:27:58.233+0000] {taskinstance.py:430} INFO - ::endgroup::
[2026-09-16T16:27:58.329+0000] {trigger_dagrun.py:222} INFO - Waiting for save_data on 2026-09-16 16:27:58.234489+00:00 to become allowed state ['success'] ...
[2026-09-16T16:28:58.400+0000] {taskinstance.py:441} INFO - ::group::Post task execution logs
[2026-09-16T16:28:58.409+0000] {taskinstance.py:2905} ERROR - Task failed with exception
Traceback (most recent call last):
  File "/home/airflow/.local/lib/python3.10/site-packages/airflow/models/taskinstance.py", line 465, in _execute_task
    result = _execute_callable(context=context, **execute_callable_kwargs)
  File "/home/airflow/.local/lib/python3.10/site-packages/airflow/models/taskinstance.py", line 432, in _execute_callable
    return execute_callable(context=context, **execute_callable_kwargs)
  File "/home/airflow/.local/lib/python3.10/site-packages/airflow/models/baseoperator.py", line 401, in wrapper
    return func(self, *args, **kwargs)
  File "/home/airflow/.local/lib/python3.10/site-packages/airflow/operators/trigger_dagrun.py", line 233, in execute
    raise AirflowException(f"{self.trigger_dag_id} failed with failed states {state}")
airflow.exceptions.AirflowException: save_data failed with failed states failed
[2026-09-16T16:28:58.413+0000] {taskinstance.py:1206} INFO - Marking task as FAILED. dag_id=json_dag, task_id=trigger_stoke_dag, run_id=manual__2026-09-16T16:27:08.882690+00:00, execution_date=20260916T162708, start_date=20260916T162758, end_date=20260916T162858
[2026-09-16T16:28:58.427+0000] {standard_task_runner.py:110} ERROR - Failed to execute job 44 for task trigger_stoke_dag (save_data failed with failed states failed; 897)
[2026-09-16T16:28:58.473+0000] {local_task_job_runner.py:240} INFO - Task exited with return code 1
[2026-09-16T16:28:58.488+0000] {taskinstance.py:3503} INFO - 0 downstream tasks scheduled from follow-on schedule check
[2026-09-16T16:28:58.492+0000] {local_task_job_runner.py:222} INFO - ::endgroup::
