[2026-09-16T14:23:42.266+0000] {processor.py:161} INFO - Started process (PID=66) to work on /opt/airflow/dags/main.py
[2026-09-16T14:23:42.269+0000] {processor.py:830} INFO - Processing file /opt/airflow/dags/main.py for tasks to queue
[2026-09-16T14:23:42.274+0000] {logging_mixin.py:188} INFO - [2026-09-16T14:23:42.273+0000] {dagbag.py:545} INFO - Filling up the DagBag from /opt/airflow/dags/main.py
[2026-09-16T14:23:42.338+0000] {logging_mixin.py:188} INFO - [2026-09-16T14:23:42.333+0000] {dagbag.py:355} ERROR - Failed to import: /opt/airflow/dags/main.py
Traceback (most recent call last):
  File "/home/airflow/.local/lib/python3.10/site-packages/airflow/models/dagbag.py", line 351, in parse
    loader.exec_module(new_module)
  File "<frozen importlib._bootstrap_external>", line 883, in exec_module
  File "<frozen importlib._bootstrap>", line 241, in _call_with_frames_removed
  File "/opt/airflow/dags/main.py", line 3, in <module>
    import src.app as app
ModuleNotFoundError: No module named 'src'
[2026-09-16T14:23:42.341+0000] {processor.py:842} WARNING - No viable dags retrieved from /opt/airflow/dags/main.py
[2026-09-16T14:23:42.385+0000] {processor.py:183} INFO - Processing /opt/airflow/dags/main.py took 0.130 seconds
[2026-09-16T14:24:12.580+0000] {processor.py:161} INFO - Started process (PID=73) to work on /opt/airflow/dags/main.py
[2026-09-16T14:24:12.582+0000] {processor.py:830} INFO - Processing file /opt/airflow/dags/main.py for tasks to queue
[2026-09-16T14:24:12.590+0000] {logging_mixin.py:188} INFO - [2026-09-16T14:24:12.588+0000] {dagbag.py:545} INFO - Filling up the DagBag from /opt/airflow/dags/main.py
[2026-09-16T14:24:12.665+0000] {logging_mixin.py:188} INFO - [2026-09-16T14:24:12.650+0000] {dagbag.py:355} ERROR - Failed to import: /opt/airflow/dags/main.py
Traceback (most recent call last):
  File "/home/airflow/.local/lib/python3.10/site-packages/airflow/models/dagbag.py", line 351, in parse
    loader.exec_module(new_module)
  File "<frozen importlib._bootstrap_external>", line 883, in exec_module
  File "<frozen importlib._bootstrap>", line 241, in _call_with_frames_removed
  File "/opt/airflow/dags/main.py", line 3, in <module>
    import src.app as app
ModuleNotFoundError: No module named 'src'
[2026-09-16T14:24:12.672+0000] {processor.py:842} WARNING - No viable dags retrieved from /opt/airflow/dags/main.py
[2026-09-16T14:24:12.741+0000] {processor.py:183} INFO - Processing /opt/airflow/dags/main.py took 0.174 seconds
[2026-09-16T14:24:43.171+0000] {processor.py:161} INFO - Started process (PID=80) to work on /opt/airflow/dags/main.py
[2026-09-16T14:24:43.175+0000] {processor.py:830} INFO - Processing file /opt/airflow/dags/main.py for tasks to queue
[2026-09-16T14:24:43.183+0000] {logging_mixin.py:188} INFO - [2026-09-16T14:24:43.182+0000] {dagbag.py:545} INFO - Filling up the DagBag from /opt/airflow/dags/main.py
[2026-09-16T14:24:43.286+0000] {logging_mixin.py:188} INFO - [2026-09-16T14:24:43.278+0000] {dagbag.py:355} ERROR - Failed to import: /opt/airflow/dags/main.py
Traceback (most recent call last):
  File "/home/airflow/.local/lib/python3.10/site-packages/airflow/models/dagbag.py", line 351, in parse
    loader.exec_module(new_module)
  File "<frozen importlib._bootstrap_external>", line 883, in exec_module
  File "<frozen importlib._bootstrap>", line 241, in _call_with_frames_removed
  File "/opt/airflow/dags/main.py", line 3, in <module>
    import src.app as app
ModuleNotFoundError: No module named 'src'
[2026-09-16T14:24:43.289+0000] {processor.py:842} WARNING - No viable dags retrieved from /opt/airflow/dags/main.py
[2026-09-16T14:24:43.332+0000] {processor.py:183} INFO - Processing /opt/airflow/dags/main.py took 0.180 seconds
[2026-09-16T14:25:13.441+0000] {processor.py:161} INFO - Started process (PID=87) to work on /opt/airflow/dags/main.py
[2026-09-16T14:25:13.442+0000] {processor.py:830} INFO - Processing file /opt/airflow/dags/main.py for tasks to queue
[2026-09-16T14:25:13.444+0000] {logging_mixin.py:188} INFO - [2026-09-16T14:25:13.444+0000] {dagbag.py:545} INFO - Filling up the DagBag from /opt/airflow/dags/main.py
[2026-09-16T14:25:13.464+0000] {logging_mixin.py:188} INFO - [2026-09-16T14:25:13.461+0000] {dagbag.py:355} ERROR - Failed to import: /opt/airflow/dags/main.py
Traceback (most recent call last):
  File "/home/airflow/.local/lib/python3.10/site-packages/airflow/models/dagbag.py", line 351, in parse
    loader.exec_module(new_module)
  File "<frozen importlib._bootstrap_external>", line 883, in exec_module
  File "<frozen importlib._bootstrap>", line 241, in _call_with_frames_removed
  File "/opt/airflow/dags/main.py", line 3, in <module>
    import src.app as app
ModuleNotFoundError: No module named 'src'
[2026-09-16T14:25:13.466+0000] {processor.py:842} WARNING - No viable dags retrieved from /opt/airflow/dags/main.py
[2026-09-16T14:25:13.488+0000] {processor.py:183} INFO - Processing /opt/airflow/dags/main.py took 0.053 seconds
[2026-09-16T14:25:43.681+0000] {processor.py:161} INFO - Started process (PID=94) to work on /opt/airflow/dags/main.py
[2026-09-16T14:25:43.683+0000] {processor.py:830} INFO - Processing file /opt/airflow/dags/main.py for tasks to queue
[2026-09-16T14:25:43.686+0000] {logging_mixin.py:188} INFO - [2026-09-16T14:25:43.686+0000] {dagbag.py:545} INFO - Filling up the DagBag from /opt/airflow/dags/main.py
[2026-09-16T14:25:43.710+0000] {logging_mixin.py:188} INFO - [2026-09-16T14:25:43.707+0000] {dagbag.py:355} ERROR - Failed to import: /opt/airflow/dags/main.py
Traceback (most recent call last):
  File "/home/airflow/.local/lib/python3.10/site-packages/airflow/models/dagbag.py", line 351, in parse
    loader.exec_module(new_module)
  File "<frozen importlib._bootstrap_external>", line 883, in exec_module
  File "<frozen importlib._bootstrap>", line 241, in _call_with_frames_removed
  File "/opt/airflow/dags/main.py", line 3, in <module>
    import src.app as app
ModuleNotFoundError: No module named 'src'
[2026-09-16T14:25:43.712+0000] {processor.py:842} WARNING - No viable dags retrieved from /opt/airflow/dags/main.py
[2026-09-16T14:25:43.739+0000] {processor.py:183} INFO - Processing /opt/airflow/dags/main.py took 0.064 seconds
[2026-09-16T14:26:13.914+0000] {processor.py:161} INFO - Started process (PID=101) to work on /opt/airflow/dags/main.py
[2026-09-16T14:26:13.914+0000] {processor.py:830} INFO - Processing file /opt/airflow/dags/main.py for tasks to queue
[2026-09-16T14:26:13.917+0000] {logging_mixin.py:188} INFO - [2026-09-16T14:26:13.916+0000] {dagbag.py:545} INFO - Filling up the DagBag from /opt/airflow/dags/main.py
[2026-09-16T14:26:13.942+0000] {logging_mixin.py:188} INFO - [2026-09-16T14:26:13.937+0000] {dagbag.py:355} ERROR - Failed to import: /opt/airflow/dags/main.py
Traceback (most recent call last):
  File "/home/airflow/.local/lib/python3.10/site-packages/airflow/models/dagbag.py", line 351, in parse
    loader.exec_module(new_module)
  File "<frozen importlib._bootstrap_external>", line 883, in exec_module
  File "<frozen importlib._bootstrap>", line 241, in _call_with_frames_removed
  File "/opt/airflow/dags/main.py", line 3, in <module>
    import src.app as app
ModuleNotFoundError: No module named 'src'
[2026-09-16T14:26:13.943+0000] {processor.py:842} WARNING - No viable dags retrieved from /opt/airflow/dags/main.py
[2026-09-16T14:26:13.969+0000] {processor.py:183} INFO - Processing /opt/airflow/dags/main.py took 0.062 seconds
[2026-09-16T14:26:44.221+0000] {processor.py:161} INFO - Started process (PID=108) to work on /opt/airflow/dags/main.py
[2026-09-16T14:26:44.223+0000] {processor.py:830} INFO - Processing file /opt/airflow/dags/main.py for tasks to queue
[2026-09-16T14:26:44.227+0000] {logging_mixin.py:188} INFO - [2026-09-16T14:26:44.226+0000] {dagbag.py:545} INFO - Filling up the DagBag from /opt/airflow/dags/main.py
[2026-09-16T14:26:44.259+0000] {logging_mixin.py:188} INFO - [2026-09-16T14:26:44.256+0000] {dagbag.py:355} ERROR - Failed to import: /opt/airflow/dags/main.py
Traceback (most recent call last):
  File "/home/airflow/.local/lib/python3.10/site-packages/airflow/models/dagbag.py", line 351, in parse
    loader.exec_module(new_module)
  File "<frozen importlib._bootstrap_external>", line 883, in exec_module
  File "<frozen importlib._bootstrap>", line 241, in _call_with_frames_removed
  File "/opt/airflow/dags/main.py", line 3, in <module>
    import src.app as app
ModuleNotFoundError: No module named 'src'
[2026-09-16T14:26:44.262+0000] {processor.py:842} WARNING - No viable dags retrieved from /opt/airflow/dags/main.py
[2026-09-16T14:26:44.294+0000] {processor.py:183} INFO - Processing /opt/airflow/dags/main.py took 0.085 seconds
[2026-09-16T14:27:14.494+0000] {processor.py:161} INFO - Started process (PID=115) to work on /opt/airflow/dags/main.py
[2026-09-16T14:27:14.495+0000] {processor.py:830} INFO - Processing file /opt/airflow/dags/main.py for tasks to queue
[2026-09-16T14:27:14.497+0000] {logging_mixin.py:188} INFO - [2026-09-16T14:27:14.497+0000] {dagbag.py:545} INFO - Filling up the DagBag from /opt/airflow/dags/main.py
[2026-09-16T14:27:14.519+0000] {logging_mixin.py:188} INFO - [2026-09-16T14:27:14.516+0000] {dagbag.py:355} ERROR - Failed to import: /opt/airflow/dags/main.py
Traceback (most recent call last):
  File "/home/airflow/.local/lib/python3.10/site-packages/airflow/models/dagbag.py", line 351, in parse
    loader.exec_module(new_module)
  File "<frozen importlib._bootstrap_external>", line 883, in exec_module
  File "<frozen importlib._bootstrap>", line 241, in _call_with_frames_removed
  File "/opt/airflow/dags/main.py", line 3, in <module>
    import src.app as app
ModuleNotFoundError: No module named 'src'
[2026-09-16T14:27:14.520+0000] {processor.py:842} WARNING - No viable dags retrieved from /opt/airflow/dags/main.py
[2026-09-16T14:27:14.540+0000] {processor.py:183} INFO - Processing /opt/airflow/dags/main.py took 0.052 seconds
[2026-09-16T14:27:44.801+0000] {processor.py:161} INFO - Started process (PID=122) to work on /opt/airflow/dags/main.py
[2026-09-16T14:27:44.802+0000] {processor.py:830} INFO - Processing file /opt/airflow/dags/main.py for tasks to queue
[2026-09-16T14:27:44.804+0000] {logging_mixin.py:188} INFO - [2026-09-16T14:27:44.803+0000] {dagbag.py:545} INFO - Filling up the DagBag from /opt/airflow/dags/main.py
[2026-09-16T14:27:44.860+0000] {logging_mixin.py:188} INFO - [2026-09-16T14:27:44.852+0000] {dagbag.py:355} ERROR - Failed to import: /opt/airflow/dags/main.py
Traceback (most recent call last):
  File "/home/airflow/.local/lib/python3.10/site-packages/airflow/models/dagbag.py", line 351, in parse
    loader.exec_module(new_module)
  File "<frozen importlib._bootstrap_external>", line 883, in exec_module
  File "<frozen importlib._bootstrap>", line 241, in _call_with_frames_removed
  File "/opt/airflow/dags/main.py", line 3, in <module>
    import src.app as app
ModuleNotFoundError: No module named 'src'
[2026-09-16T14:27:44.867+0000] {processor.py:842} WARNING - No viable dags retrieved from /opt/airflow/dags/main.py
[2026-09-16T14:27:44.905+0000] {processor.py:183} INFO - Processing /opt/airflow/dags/main.py took 0.114 seconds
[2026-09-16T14:28:15.043+0000] {processor.py:161} INFO - Started process (PID=129) to work on /opt/airflow/dags/main.py
[2026-09-16T14:28:15.044+0000] {processor.py:830} INFO - Processing file /opt/airflow/dags/main.py for tasks to queue
[2026-09-16T14:28:15.047+0000] {logging_mixin.py:188} INFO - [2026-09-16T14:28:15.047+0000] {dagbag.py:545} INFO - Filling up the DagBag from /opt/airflow/dags/main.py
[2026-09-16T14:28:15.074+0000] {logging_mixin.py:188} INFO - [2026-09-16T14:28:15.071+0000] {dagbag.py:355} ERROR - Failed to import: /opt/airflow/dags/main.py
Traceback (most recent call last):
  File "/home/airflow/.local/lib/python3.10/site-packages/airflow/models/dagbag.py", line 351, in parse
    loader.exec_module(new_module)
  File "<frozen importlib._bootstrap_external>", line 883, in exec_module
  File "<frozen importlib._bootstrap>", line 241, in _call_with_frames_removed
  File "/opt/airflow/dags/main.py", line 3, in <module>
    import src.app as app
ModuleNotFoundError: No module named 'src'
[2026-09-16T14:28:15.075+0000] {processor.py:842} WARNING - No viable dags retrieved from /opt/airflow/dags/main.py
[2026-09-16T14:28:15.096+0000] {processor.py:183} INFO - Processing /opt/airflow/dags/main.py took 0.059 seconds
[2026-09-16T14:28:45.412+0000] {processor.py:161} INFO - Started process (PID=136) to work on /opt/airflow/dags/main.py
[2026-09-16T14:28:45.415+0000] {processor.py:830} INFO - Processing file /opt/airflow/dags/main.py for tasks to queue
[2026-09-16T14:28:45.423+0000] {logging_mixin.py:188} INFO - [2026-09-16T14:28:45.422+0000] {dagbag.py:545} INFO - Filling up the DagBag from /opt/airflow/dags/main.py
[2026-09-16T14:28:45.482+0000] {logging_mixin.py:188} INFO - [2026-09-16T14:28:45.475+0000] {dagbag.py:355} ERROR - Failed to import: /opt/airflow/dags/main.py
Traceback (most recent call last):
  File "/home/airflow/.local/lib/python3.10/site-packages/airflow/models/dagbag.py", line 351, in parse
    loader.exec_module(new_module)
  File "<frozen importlib._bootstrap_external>", line 883, in exec_module
  File "<frozen importlib._bootstrap>", line 241, in _call_with_frames_removed
  File "/opt/airflow/dags/main.py", line 3, in <module>
    import src.app as app
ModuleNotFoundError: No module named 'src'
[2026-09-16T14:28:45.486+0000] {processor.py:842} WARNING - No viable dags retrieved from /opt/airflow/dags/main.py
[2026-09-16T14:28:45.528+0000] {processor.py:183} INFO - Processing /opt/airflow/dags/main.py took 0.132 seconds
[2026-09-16T14:29:15.637+0000] {processor.py:161} INFO - Started process (PID=143) to work on /opt/airflow/dags/main.py
[2026-09-16T14:29:15.640+0000] {processor.py:830} INFO - Processing file /opt/airflow/dags/main.py for tasks to queue
[2026-09-16T14:29:15.642+0000] {logging_mixin.py:188} INFO - [2026-09-16T14:29:15.642+0000] {dagbag.py:545} INFO - Filling up the DagBag from /opt/airflow/dags/main.py
[2026-09-16T14:29:15.679+0000] {logging_mixin.py:188} INFO - [2026-09-16T14:29:15.674+0000] {dagbag.py:355} ERROR - Failed to import: /opt/airflow/dags/main.py
Traceback (most recent call last):
  File "/home/airflow/.local/lib/python3.10/site-packages/airflow/models/dagbag.py", line 351, in parse
    loader.exec_module(new_module)
  File "<frozen importlib._bootstrap_external>", line 883, in exec_module
  File "<frozen importlib._bootstrap>", line 241, in _call_with_frames_removed
  File "/opt/airflow/dags/main.py", line 3, in <module>
    import src.app as app
ModuleNotFoundError: No module named 'src'
[2026-09-16T14:29:15.681+0000] {processor.py:842} WARNING - No viable dags retrieved from /opt/airflow/dags/main.py
[2026-09-16T14:29:15.709+0000] {processor.py:183} INFO - Processing /opt/airflow/dags/main.py took 0.080 seconds
[2026-09-16T14:29:45.878+0000] {processor.py:161} INFO - Started process (PID=150) to work on /opt/airflow/dags/main.py
[2026-09-16T14:29:45.880+0000] {processor.py:830} INFO - Processing file /opt/airflow/dags/main.py for tasks to queue
[2026-09-16T14:29:45.883+0000] {logging_mixin.py:188} INFO - [2026-09-16T14:29:45.883+0000] {dagbag.py:545} INFO - Filling up the DagBag from /opt/airflow/dags/main.py
[2026-09-16T14:29:45.926+0000] {logging_mixin.py:188} INFO - [2026-09-16T14:29:45.921+0000] {dagbag.py:355} ERROR - Failed to import: /opt/airflow/dags/main.py
Traceback (most recent call last):
  File "/home/airflow/.local/lib/python3.10/site-packages/airflow/models/dagbag.py", line 351, in parse
    loader.exec_module(new_module)
  File "<frozen importlib._bootstrap_external>", line 883, in exec_module
  File "<frozen importlib._bootstrap>", line 241, in _call_with_frames_removed
  File "/opt/airflow/dags/main.py", line 3, in <module>
    import src.app as app
ModuleNotFoundError: No module named 'src'
[2026-09-16T14:29:45.928+0000] {processor.py:842} WARNING - No viable dags retrieved from /opt/airflow/dags/main.py
[2026-09-16T14:29:45.952+0000] {processor.py:183} INFO - Processing /opt/airflow/dags/main.py took 0.088 seconds
[2026-09-16T14:29:55.045+0000] {processor.py:161} INFO - Started process (PID=151) to work on /opt/airflow/dags/main.py
[2026-09-16T14:29:55.059+0000] {processor.py:830} INFO - Processing file /opt/airflow/dags/main.py for tasks to queue
[2026-09-16T14:29:55.076+0000] {logging_mixin.py:188} INFO - [2026-09-16T14:29:55.075+0000] {dagbag.py:545} INFO - Filling up the DagBag from /opt/airflow/dags/main.py
[2026-09-16T14:29:55.185+0000] {logging_mixin.py:188} INFO - [2026-09-16T14:29:55.180+0000] {dagbag.py:355} ERROR - Failed to import: /opt/airflow/dags/main.py
Traceback (most recent call last):
  File "/home/airflow/.local/lib/python3.10/site-packages/airflow/models/dagbag.py", line 351, in parse
    loader.exec_module(new_module)
  File "<frozen importlib._bootstrap_external>", line 883, in exec_module
  File "<frozen importlib._bootstrap>", line 241, in _call_with_frames_removed
  File "/opt/airflow/dags/main.py", line 3, in <module>
    import src.app as app
ModuleNotFoundError: No module named 'src'
[2026-09-16T14:29:55.187+0000] {processor.py:842} WARNING - No viable dags retrieved from /opt/airflow/dags/main.py
[2026-09-16T14:29:55.212+0000] {processor.py:183} INFO - Processing /opt/airflow/dags/main.py took 0.191 seconds
[2026-09-16T14:29:59.088+0000] {processor.py:161} INFO - Started process (PID=152) to work on /opt/airflow/dags/main.py
[2026-09-16T14:29:59.090+0000] {processor.py:830} INFO - Processing file /opt/airflow/dags/main.py for tasks to queue
[2026-09-16T14:29:59.094+0000] {logging_mixin.py:188} INFO - [2026-09-16T14:29:59.093+0000] {dagbag.py:545} INFO - Filling up the DagBag from /opt/airflow/dags/main.py
[2026-09-16T14:29:59.106+0000] {logging_mixin.py:188} INFO - [2026-09-16T14:29:59.106+0000] {dagbag.py:334} INFO - File /opt/airflow/dags/main.py assumed to contain no DAGs. Skipping.
[2026-09-16T14:29:59.107+0000] {processor.py:842} WARNING - No viable dags retrieved from /opt/airflow/dags/main.py
[2026-09-16T14:29:59.128+0000] {processor.py:183} INFO - Processing /opt/airflow/dags/main.py took 0.047 seconds
[2026-09-16T14:30:29.324+0000] {processor.py:161} INFO - Started process (PID=159) to work on /opt/airflow/dags/main.py
[2026-09-16T14:30:29.326+0000] {processor.py:830} INFO - Processing file /opt/airflow/dags/main.py for tasks to queue
[2026-09-16T14:30:29.328+0000] {logging_mixin.py:188} INFO - [2026-09-16T14:30:29.328+0000] {dagbag.py:545} INFO - Filling up the DagBag from /opt/airflow/dags/main.py
[2026-09-16T14:30:29.337+0000] {logging_mixin.py:188} INFO - [2026-09-16T14:30:29.337+0000] {dagbag.py:334} INFO - File /opt/airflow/dags/main.py assumed to contain no DAGs. Skipping.
[2026-09-16T14:30:29.337+0000] {processor.py:842} WARNING - No viable dags retrieved from /opt/airflow/dags/main.py
[2026-09-16T14:30:29.351+0000] {processor.py:183} INFO - Processing /opt/airflow/dags/main.py took 0.034 seconds
[2026-09-16T14:30:59.672+0000] {processor.py:161} INFO - Started process (PID=166) to work on /opt/airflow/dags/main.py
[2026-09-16T14:30:59.673+0000] {processor.py:830} INFO - Processing file /opt/airflow/dags/main.py for tasks to queue
[2026-09-16T14:30:59.676+0000] {logging_mixin.py:188} INFO - [2026-09-16T14:30:59.675+0000] {dagbag.py:545} INFO - Filling up the DagBag from /opt/airflow/dags/main.py
[2026-09-16T14:30:59.683+0000] {logging_mixin.py:188} INFO - [2026-09-16T14:30:59.683+0000] {dagbag.py:334} INFO - File /opt/airflow/dags/main.py assumed to contain no DAGs. Skipping.
[2026-09-16T14:30:59.684+0000] {processor.py:842} WARNING - No viable dags retrieved from /opt/airflow/dags/main.py
[2026-09-16T14:30:59.698+0000] {processor.py:183} INFO - Processing /opt/airflow/dags/main.py took 0.033 seconds
[2026-09-16T14:31:29.915+0000] {processor.py:161} INFO - Started process (PID=173) to work on /opt/airflow/dags/main.py
[2026-09-16T14:31:29.916+0000] {processor.py:830} INFO - Processing file /opt/airflow/dags/main.py for tasks to queue
[2026-09-16T14:31:29.918+0000] {logging_mixin.py:188} INFO - [2026-09-16T14:31:29.918+0000] {dagbag.py:545} INFO - Filling up the DagBag from /opt/airflow/dags/main.py
[2026-09-16T14:31:29.928+0000] {logging_mixin.py:188} INFO - [2026-09-16T14:31:29.927+0000] {dagbag.py:334} INFO - File /opt/airflow/dags/main.py assumed to contain no DAGs. Skipping.
[2026-09-16T14:31:29.928+0000] {processor.py:842} WARNING - No viable dags retrieved from /opt/airflow/dags/main.py
[2026-09-16T14:31:29.941+0000] {processor.py:183} INFO - Processing /opt/airflow/dags/main.py took 0.033 seconds
[2026-09-16T14:32:00.266+0000] {processor.py:161} INFO - Started process (PID=180) to work on /opt/airflow/dags/main.py
[2026-09-16T14:32:00.268+0000] {processor.py:830} INFO - Processing file /opt/airflow/dags/main.py for tasks to queue
[2026-09-16T14:32:00.273+0000] {logging_mixin.py:188} INFO - [2026-09-16T14:32:00.273+0000] {dagbag.py:545} INFO - Filling up the DagBag from /opt/airflow/dags/main.py
[2026-09-16T14:32:00.287+0000] {logging_mixin.py:188} INFO - [2026-09-16T14:32:00.287+0000] {dagbag.py:334} INFO - File /opt/airflow/dags/main.py assumed to contain no DAGs. Skipping.
[2026-09-16T14:32:00.288+0000] {processor.py:842} WARNING - No viable dags retrieved from /opt/airflow/dags/main.py
[2026-09-16T14:32:00.314+0000] {processor.py:183} INFO - Processing /opt/airflow/dags/main.py took 0.057 seconds
[2026-09-16T14:32:30.493+0000] {processor.py:161} INFO - Started process (PID=188) to work on /opt/airflow/dags/main.py
[2026-09-16T14:32:30.495+0000] {processor.py:830} INFO - Processing file /opt/airflow/dags/main.py for tasks to queue
[2026-09-16T14:32:30.498+0000] {logging_mixin.py:188} INFO - [2026-09-16T14:32:30.497+0000] {dagbag.py:545} INFO - Filling up the DagBag from /opt/airflow/dags/main.py
[2026-09-16T14:32:30.509+0000] {logging_mixin.py:188} INFO - [2026-09-16T14:32:30.509+0000] {dagbag.py:334} INFO - File /opt/airflow/dags/main.py assumed to contain no DAGs. Skipping.
[2026-09-16T14:32:30.510+0000] {processor.py:842} WARNING - No viable dags retrieved from /opt/airflow/dags/main.py
[2026-09-16T14:32:30.529+0000] {processor.py:183} INFO - Processing /opt/airflow/dags/main.py took 0.044 seconds
[2026-09-16T14:33:00.688+0000] {processor.py:161} INFO - Started process (PID=195) to work on /opt/airflow/dags/main.py
[2026-09-16T14:33:00.689+0000] {processor.py:830} INFO - Processing file /opt/airflow/dags/main.py for tasks to queue
[2026-09-16T14:33:00.692+0000] {logging_mixin.py:188} INFO - [2026-09-16T14:33:00.691+0000] {dagbag.py:545} INFO - Filling up the DagBag from /opt/airflow/dags/main.py
[2026-09-16T14:33:00.700+0000] {logging_mixin.py:188} INFO - [2026-09-16T14:33:00.700+0000] {dagbag.py:334} INFO - File /opt/airflow/dags/main.py assumed to contain no DAGs. Skipping.
[2026-09-16T14:33:00.701+0000] {processor.py:842} WARNING - No viable dags retrieved from /opt/airflow/dags/main.py
[2026-09-16T14:33:00.715+0000] {processor.py:183} INFO - Processing /opt/airflow/dags/main.py took 0.035 seconds
[2026-09-16T14:33:30.893+0000] {processor.py:161} INFO - Started process (PID=202) to work on /opt/airflow/dags/main.py
[2026-09-16T14:33:30.894+0000] {processor.py:830} INFO - Processing file /opt/airflow/dags/main.py for tasks to queue
[2026-09-16T14:33:30.897+0000] {logging_mixin.py:188} INFO - [2026-09-16T14:33:30.897+0000] {dagbag.py:545} INFO - Filling up the DagBag from /opt/airflow/dags/main.py
[2026-09-16T14:33:30.908+0000] {logging_mixin.py:188} INFO - [2026-09-16T14:33:30.907+0000] {dagbag.py:334} INFO - File /opt/airflow/dags/main.py assumed to contain no DAGs. Skipping.
[2026-09-16T14:33:30.909+0000] {processor.py:842} WARNING - No viable dags retrieved from /opt/airflow/dags/main.py
[2026-09-16T14:33:30.925+0000] {processor.py:183} INFO - Processing /opt/airflow/dags/main.py took 0.040 seconds
