[2026-09-17T10:57:54.568+0000] {local_task_job_runner.py:120} INFO - ::group::Pre task execution logs
[2026-09-17T10:57:54.594+0000] {taskinstance.py:2076} INFO - Dependencies all met for dep_context=non-requeueable deps ti=<TaskInstance: json_dag.trigger_stoke_dag manual__2026-09-17T10:56:06.847733+00:00 [queued]>
[2026-09-17T10:57:54.604+0000] {taskinstance.py:2076} INFO - Dependencies all met for dep_context=requeueable deps ti=<TaskInstance: json_dag.trigger_stoke_dag manual__2026-09-17T10:56:06.847733+00:00 [queued]>
[2026-09-17T10:57:54.606+0000] {taskinstance.py:2306} INFO - Starting attempt 1 of 1
[2026-09-17T10:57:54.620+0000] {taskinstance.py:2330} INFO - Executing <Task(TriggerDagRunOperator): trigger_stoke_dag> on 2026-09-17 10:56:06.847733+00:00
[2026-09-17T10:57:54.626+0000] {standard_task_runner.py:63} INFO - Started process 263 to run task
[2026-09-17T10:57:54.629+0000] {standard_task_runner.py:90} INFO - Running: ['airflow', 'tasks', 'run', 'json_dag', 'trigger_stoke_dag', 'manual__2026-09-17T10:56:06.847733+00:00', '--job-id', '7', '--raw', '--subdir', 'DAGS_FOLDER/json_dag.py', '--cfg-path', '/tmp/tmpsv7j99ik']
[2026-09-17T10:57:54.634+0000] {standard_task_runner.py:91} INFO - Job 7: Subtask trigger_stoke_dag
[2026-09-17T10:57:54.705+0000] {task_command.py:426} INFO - Running <TaskInstance: json_dag.trigger_stoke_dag manual__2026-09-17T10:56:06.847733+00:00 [running]> on host 016b70ca759a
[2026-09-17T10:57:54.792+0000] {taskinstance.py:2648} INFO - Exporting env vars: AIRFLOW_CTX_DAG_OWNER='airflow' AIRFLOW_CTX_DAG_ID='json_dag' AIRFLOW_CTX_TASK_ID='trigger_stoke_dag' AIRFLOW_CTX_EXECUTION_DATE='2026-09-17T10:56:06.847733+00:00' AIRFLOW_CTX_TRY_NUMBER='1' AIRFLOW_CTX_DAG_RUN_ID='manual__2026-09-17T10:56:06.847733+00:00'
[2026-09-17T10:57:54.793+0000] {taskinstance.py:430} INFO - ::endgroup::
[2026-09-17T10:57:54.897+0000] {trigger_dagrun.py:222} INFO - Waiting for save_data on 2026-09-17 10:57:54.794503+00:00 to become allowed state ['success'] ...
[2026-09-17T10:58:54.943+0000] {trigger_dagrun.py:222} INFO - Waiting for save_data on 2026-09-17 10:57:54.794503+00:00 to become allowed state ['success'] ...
[2026-09-17T10:59:54.991+0000] {trigger_dagrun.py:222} INFO - Waiting for save_data on 2026-09-17 10:57:54.794503+00:00 to become allowed state ['success'] ...
[2026-09-17T11:00:55.036+0000] {trigger_dagrun.py:222} INFO - Waiting for save_data on 2026-09-17 10:57:54.794503+00:00 to become allowed state ['success'] ...
[2026-09-17T11:01:55.097+0000] {trigger_dagrun.py:222} INFO - Waiting for save_data on 2026-09-17 10:57:54.794503+00:00 to become allowed state ['success'] ...
[2026-09-17T11:02:55.138+0000] {trigger_dagrun.py:222} INFO - Waiting for save_data on 2026-09-17 10:57:54.794503+00:00 to become allowed state ['success'] ...
[2026-09-17T11:03:55.202+0000] {trigger_dagrun.py:222} INFO - Waiting for save_data on 2026-09-17 10:57:54.794503+00:00 to become allowed state ['success'] ...
[2026-09-17T11:04:55.265+0000] {trigger_dagrun.py:222} INFO - Waiting for save_data on 2026-09-17 10:57:54.794503+00:00 to become allowed state ['success'] ...
[2026-09-17T11:05:55.334+0000] {trigger_dagrun.py:222} INFO - Waiting for save_data on 2026-09-17 10:57:54.794503+00:00 to become allowed state ['success'] ...
[2026-09-17T11:06:55.358+0000] {trigger_dagrun.py:222} INFO - Waiting for save_data on 2026-09-17 10:57:54.794503+00:00 to become allowed state ['success'] ...
[2026-09-17T11:07:55.422+0000] {trigger_dagrun.py:222} INFO - Waiting for save_data on 2026-09-17 10:57:54.794503+00:00 to become allowed state ['success'] ...
[2026-09-17T11:08:55.465+0000] {trigger_dagrun.py:222} INFO - Waiting for save_data on 2026-09-17 10:57:54.794503+00:00 to become allowed state ['success'] ...
[2026-09-17T11:09:55.525+0000] {trigger_dagrun.py:222} INFO - Waiting for save_data on 2026-09-17 10:57:54.794503+00:00 to become allowed state ['success'] ...
[2026-09-17T11:10:55.563+0000] {trigger_dagrun.py:222} INFO - Waiting for save_data on 2026-09-17 10:57:54.794503+00:00 to become allowed state ['success'] ...
[2026-09-17T11:11:55.622+0000] {trigger_dagrun.py:222} INFO - Waiting for save_data on 2026-09-17 10:57:54.794503+00:00 to become allowed state ['success'] ...
[2026-09-17T11:12:55.668+0000] {trigger_dagrun.py:222} INFO - Waiting for save_data on 2026-09-17 10:57:54.794503+00:00 to become allowed state ['success'] ...
[2026-09-17T11:13:55.742+0000] {trigger_dagrun.py:222} INFO - Waiting for save_data on 2026-09-17 10:57:54.794503+00:00 to become allowed state ['success'] ...
[2026-09-17T11:14:55.805+0000] {trigger_dagrun.py:222} INFO - Waiting for save_data on 2026-09-17 10:57:54.794503+00:00 to become allowed state ['success'] ...
[2026-09-17T11:15:55.825+0000] {trigger_dagrun.py:222} INFO - Waiting for save_data on 2026-09-17 10:57:54.794503+00:00 to become allowed state ['success'] ...
[2026-09-17T11:16:55.893+0000] {trigger_dagrun.py:222} INFO - Waiting for save_data on 2026-09-17 10:57:54.794503+00:00 to become allowed state ['success'] ...
[2026-09-17T11:17:55.963+0000] {trigger_dagrun.py:222} INFO - Waiting for save_data on 2026-09-17 10:57:54.794503+00:00 to become allowed state ['success'] ...
[2026-09-17T11:18:56.026+0000] {trigger_dagrun.py:222} INFO - Waiting for save_data on 2026-09-17 10:57:54.794503+00:00 to become allowed state ['success'] ...
[2026-09-17T11:19:56.096+0000] {trigger_dagrun.py:222} INFO - Waiting for save_data on 2026-09-17 10:57:54.794503+00:00 to become allowed state ['success'] ...
[2026-09-17T11:20:56.125+0000] {trigger_dagrun.py:222} INFO - Waiting for save_data on 2026-09-17 10:57:54.794503+00:00 to become allowed state ['success'] ...
[2026-09-17T11:21:56.158+0000] {trigger_dagrun.py:222} INFO - Waiting for save_data on 2026-09-17 10:57:54.794503+00:00 to become allowed state ['success'] ...
[2026-09-17T11:22:56.177+0000] {trigger_dagrun.py:222} INFO - Waiting for save_data on 2026-09-17 10:57:54.794503+00:00 to become allowed state ['success'] ...
[2026-09-17T11:23:56.244+0000] {trigger_dagrun.py:222} INFO - Waiting for save_data on 2026-09-17 10:57:54.794503+00:00 to become allowed state ['success'] ...
[2026-09-17T11:24:56.314+0000] {trigger_dagrun.py:222} INFO - Waiting for save_data on 2026-09-17 10:57:54.794503+00:00 to become allowed state ['success'] ...
[2026-09-17T13:03:34.866+0000] {trigger_dagrun.py:222} INFO - Waiting for save_data on 2026-09-17 10:57:54.794503+00:00 to become allowed state ['success'] ...
[2026-09-17T13:03:37.421+0000] {local_task_job_runner.py:310} WARNING - State of this instance has been externally set to failed. Terminating instance.
[2026-09-17T13:03:37.436+0000] {local_task_job_runner.py:222} INFO - ::endgroup::
[2026-09-17T13:03:37.440+0000] {process_utils.py:132} INFO - Sending 15 to group 263. PIDs of all processes in the group: [263]
[2026-09-17T13:03:37.441+0000] {process_utils.py:87} INFO - Sending the signal 15 to group 263
[2026-09-17T13:03:37.443+0000] {taskinstance.py:2611} ERROR - Received SIGTERM. Terminating subprocesses.
[2026-09-17T13:03:37.445+0000] {taskinstance.py:441} INFO - ::group::Post task execution logs
[2026-09-17T13:03:37.576+0000] {process_utils.py:80} INFO - Process psutil.Process(pid=263, status='terminated', exitcode=0, started='10:57:53') (263) terminated with exit code 0
